<html>
<body>
<pre>
<h1>µVision Build Log</h1>
<h2>Tool Versions:</h2>
IDE-Version: µVision V5.38.0.0
Copyright (C) 2022 ARM Ltd and ARM Germany GmbH. All rights reserved.
License Information: Phat Vu, Phat Vu, LIC=ATTQ1-CVPIT-NNFAF-6Q03F-24WUD-2ASKN
 
Tool Versions:
Toolchain:       MDK-ARM Plus  Version: 5.38.0.0
Toolchain Path:  C:\Keil_v5\ARM\ARMCLANG\Bin
C Compiler:      ArmClang.exe V6.19
Assembler:       Armasm.exe V6.19
Linker/Locator:  ArmLink.exe V6.19
Library Manager: ArmAr.exe V6.19
Hex Converter:   FromElf.exe V6.19
CPU DLL:         SARMCM3.DLL V5.38.0.0
Dialog DLL:      DARMCM1.DLL V1.19.6.0
Target DLL:      CMSIS_AGDI.dll V1.33.15.0
Dialog DLL:      TARMCM1.DLL V1.14.6.0
 
<h2>Project:</h2>
E:\OneDrive\Solutions\Electronics\STM32\Bo_Dieu_Khien_So_Xu_Ly_Am_Thanh_Minimum\software\Sources\project.uvprojx
Project File Date:  04/05/2023

<h2>Output:</h2>
*** Using Compiler 'V6.19', folder: 'C:\Keil_v5\ARM\ARMCLANG\Bin'
Rebuild target 'Target 1'
compiling system_py32f0xx.c...
assembling startup_py32f002ax5.s...
compiling main.c...
compiling py32f0xx_ll_adc.c...
compiling py32f0xx_it.c...
compiling py32f0xx_ll_comp.c...
compiling py32f0xx_ll_crc.c...
compiling py32f0xx_ll_dma.c...
compiling py32f0xx_ll_exti.c...
compiling py32f0xx_ll_gpio.c...
compiling py32f0xx_ll_i2c.c...
compiling py32f0xx_ll_led.c...
compiling py32f0xx_ll_pwr.c...
compiling py32f0xx_ll_lptim.c...
compiling py32f0xx_ll_rcc.c...
compiling py32f0xx_ll_rtc.c...
compiling py32f0xx_ll_spi.c...
compiling py32f0xx_ll_usart.c...
compiling py32f0xx_ll_utils.c...
compiling py32f0xx_ll_tim.c...
compiling pv_delay.c...
compiling pv_startup.c...
linking...
Program Size: Code=1970 RO-data=278 RW-data=196 ZI-data=1036  
FromELF: creating hex file...
".\Objects\project.axf" - 0 Error(s), 0 Warning(s).

<h2>Software Packages used:</h2>

Package Vendor: Puya
                https://www.puyasemi.com/Puya.PY32F0xx_DFP.1.1.3.pack
                Puya.PY32F0xx_DFP.1.1.3
                Puya PY32F0 Series Device Support

<h2>Collection of Component include folders:</h2>
  C:/Users/Phat Vu/AppData/Local/Arm/Packs/Puya/PY32F0xx_DFP/1.1.3/Device/Include

<h2>Collection of Component Files used:</h2>
Build Time Elapsed:  00:00:06
</pre>
</body>
</html>
