Component: Arm Compiler for Embedded 6.19 Tool: armlink [5e73cb00]

==============================================================================

Section Cross References

    startup_py32f002ax5.o(RESET) refers to startup_py32f002ax5.o(STACK) for __initial_sp
    startup_py32f002ax5.o(RESET) refers to startup_py32f002ax5.o(.text) for Reset_Handler
    startup_py32f002ax5.o(RESET) refers to py32f0xx_it.o(.text.NMI_Handler) for NMI_Handler
    startup_py32f002ax5.o(RESET) refers to py32f0xx_it.o(.text.HardFault_Handler) for HardFault_Handler
    startup_py32f002ax5.o(RESET) refers to py32f0xx_it.o(.text.SVC_Handler) for SVC_Handler
    startup_py32f002ax5.o(RESET) refers to py32f0xx_it.o(.text.PendSV_Handler) for PendSV_Handler
    startup_py32f002ax5.o(RESET) refers to py32f0xx_it.o(.text.SysTick_Handler) for SysTick_Handler
    startup_py32f002ax5.o(.text) refers to system_py32f0xx.o(.text.SystemInit) for SystemInit
    startup_py32f002ax5.o(.text) refers to entry.o(.ARM.Collect$$$$00000000) for __main
    system_py32f0xx.o(.text.SystemCoreClockUpdate) refers to uidiv_div0.o(.text) for __aeabi_uidiv
    system_py32f0xx.o(.text.SystemCoreClockUpdate) refers to system_py32f0xx.o(.data.SystemCoreClock) for SystemCoreClock
    system_py32f0xx.o(.text.SystemCoreClockUpdate) refers to system_py32f0xx.o(.rodata.HSIFreqTable) for HSIFreqTable
    system_py32f0xx.o(.text.SystemCoreClockUpdate) refers to system_py32f0xx.o(.rodata.AHBPrescTable) for AHBPrescTable
    system_py32f0xx.o(.ARM.exidx.text.SystemCoreClockUpdate) refers to system_py32f0xx.o(.text.SystemCoreClockUpdate) for [Anonymous Symbol]
    system_py32f0xx.o(.ARM.exidx.text.SystemInit) refers to system_py32f0xx.o(.text.SystemInit) for [Anonymous Symbol]
    system_py32f0xx.o(.text.$Sub$$main) refers to main.o(.text.main) for $Super$$main
    system_py32f0xx.o(.text.$Sub$$main) refers to system_py32f0xx.o(.ARM.__at_0x20000000) for VECT_SRAM_TAB
    system_py32f0xx.o(.ARM.exidx.text.$Sub$$main) refers to system_py32f0xx.o(.text.$Sub$$main) for [Anonymous Symbol]
    main.o(.text.main) refers to pv_startup.o(.text.PV_STARTUP_Init) for PV_STARTUP_Init
    main.o(.text.main) refers to pv_delay.o(.text.PV_DELAY_Init) for PV_DELAY_Init
    main.o(.text.main) refers to main.o(.text.LL_IOP_GRP1_EnableClock) for LL_IOP_GRP1_EnableClock
    main.o(.text.main) refers to py32f0xx_ll_gpio.o(.text.LL_GPIO_Init) for LL_GPIO_Init
    main.o(.text.main) refers to main.o(.text.LL_GPIO_TogglePin) for LL_GPIO_TogglePin
    main.o(.text.main) refers to pv_delay.o(.text.PV_DELAY_Ms) for PV_DELAY_Ms
    main.o(.ARM.exidx.text.main) refers to main.o(.text.main) for [Anonymous Symbol]
    main.o(.ARM.exidx.text.LL_IOP_GRP1_EnableClock) refers to main.o(.text.LL_IOP_GRP1_EnableClock) for [Anonymous Symbol]
    main.o(.ARM.exidx.text.LL_GPIO_TogglePin) refers to main.o(.text.LL_GPIO_TogglePin) for [Anonymous Symbol]
    main.o(.ARM.exidx.text.APP_ErrorHandler) refers to main.o(.text.APP_ErrorHandler) for [Anonymous Symbol]
    main.o(.ARM.exidx.text.assert_failed) refers to main.o(.text.assert_failed) for [Anonymous Symbol]
    py32f0xx_it.o(.ARM.exidx.text.NMI_Handler) refers to py32f0xx_it.o(.text.NMI_Handler) for [Anonymous Symbol]
    py32f0xx_it.o(.ARM.exidx.text.HardFault_Handler) refers to py32f0xx_it.o(.text.HardFault_Handler) for [Anonymous Symbol]
    py32f0xx_it.o(.ARM.exidx.text.SVC_Handler) refers to py32f0xx_it.o(.text.SVC_Handler) for [Anonymous Symbol]
    py32f0xx_it.o(.ARM.exidx.text.PendSV_Handler) refers to py32f0xx_it.o(.text.PendSV_Handler) for [Anonymous Symbol]
    py32f0xx_it.o(.text.SysTick_Handler) refers to pv_delay.o(.text.PV_DELAY_IncTick) for PV_DELAY_IncTick
    py32f0xx_it.o(.ARM.exidx.text.SysTick_Handler) refers to py32f0xx_it.o(.text.SysTick_Handler) for [Anonymous Symbol]
    py32f0xx_ll_adc.o(.text.LL_ADC_CommonDeInit) refers to main.o(.text.assert_failed) for assert_failed
    py32f0xx_ll_adc.o(.text.LL_ADC_CommonDeInit) refers to py32f0xx_ll_adc.o(.text.LL_APB1_GRP2_ForceReset) for LL_APB1_GRP2_ForceReset
    py32f0xx_ll_adc.o(.text.LL_ADC_CommonDeInit) refers to py32f0xx_ll_adc.o(.text.LL_APB1_GRP2_ReleaseReset) for LL_APB1_GRP2_ReleaseReset
    py32f0xx_ll_adc.o(.text.LL_ADC_CommonDeInit) refers to py32f0xx_ll_adc.o(.rodata.str1.1) for [Anonymous Symbol]
    py32f0xx_ll_adc.o(.ARM.exidx.text.LL_ADC_CommonDeInit) refers to py32f0xx_ll_adc.o(.text.LL_ADC_CommonDeInit) for [Anonymous Symbol]
    py32f0xx_ll_adc.o(.ARM.exidx.text.LL_APB1_GRP2_ForceReset) refers to py32f0xx_ll_adc.o(.text.LL_APB1_GRP2_ForceReset) for [Anonymous Symbol]
    py32f0xx_ll_adc.o(.ARM.exidx.text.LL_APB1_GRP2_ReleaseReset) refers to py32f0xx_ll_adc.o(.text.LL_APB1_GRP2_ReleaseReset) for [Anonymous Symbol]
    py32f0xx_ll_adc.o(.text.LL_ADC_DeInit) refers to main.o(.text.assert_failed) for assert_failed
    py32f0xx_ll_adc.o(.text.LL_ADC_DeInit) refers to py32f0xx_ll_adc.o(.text.LL_ADC_IsEnabled) for LL_ADC_IsEnabled
[...]
    py32f0xx_ll_gpio.o(.ARM.exidx.text.LL_GPIO_SetPinSpeed) refers to py32f0xx_ll_gpio.o(.text.LL_GPIO_SetPinSpeed) for [Anonymous Symbol]
    py32f0xx_ll_gpio.o(.ARM.exidx.text.LL_GPIO_SetPinPull) refers to py32f0xx_ll_gpio.o(.text.LL_GPIO_SetPinPull) for [Anonymous Symbol]
    py32f0xx_ll_gpio.o(.ARM.exidx.text.LL_GPIO_SetAFPin_0_7) refers to py32f0xx_ll_gpio.o(.text.LL_GPIO_SetAFPin_0_7) for [Anonymous Symbol]
    py32f0xx_ll_gpio.o(.ARM.exidx.text.LL_GPIO_SetAFPin_8_15) refers to py32f0xx_ll_gpio.o(.text.LL_GPIO_SetAFPin_8_15) for [Anonymous Symbol]
    py32f0xx_ll_gpio.o(.ARM.exidx.text.LL_GPIO_SetPinOutputType) refers to py32f0xx_ll_gpio.o(.text.LL_GPIO_SetPinOutputType) for [Anonymous Symbol]
    py32f0xx_ll_gpio.o(.ARM.exidx.text.LL_GPIO_StructInit) refers to py32f0xx_ll_gpio.o(.text.LL_GPIO_StructInit) for [Anonymous Symbol]
    py32f0xx_ll_i2c.o(.text.LL_I2C_DeInit) refers to main.o(.text.assert_failed) for assert_failed
    py32f0xx_ll_i2c.o(.text.LL_I2C_DeInit) refers to py32f0xx_ll_i2c.o(.text.LL_APB1_GRP1_ForceReset) for LL_APB1_GRP1_ForceReset
    py32f0xx_ll_i2c.o(.text.LL_I2C_DeInit) refers to py32f0xx_ll_i2c.o(.text.LL_APB1_GRP1_ReleaseReset) for LL_APB1_GRP1_ReleaseReset
    py32f0xx_ll_i2c.o(.text.LL_I2C_DeInit) refers to py32f0xx_ll_i2c.o(.rodata.str1.1) for [Anonymous Symbol]
    py32f0xx_ll_i2c.o(.ARM.exidx.text.LL_I2C_DeInit) refers to py32f0xx_ll_i2c.o(.text.LL_I2C_DeInit) for [Anonymous Symbol]
    py32f0xx_ll_i2c.o(.ARM.exidx.text.LL_APB1_GRP1_ForceReset) refers to py32f0xx_ll_i2c.o(.text.LL_APB1_GRP1_ForceReset) for [Anonymous Symbol]
    py32f0xx_ll_i2c.o(.ARM.exidx.text.LL_APB1_GRP1_ReleaseReset) refers to py32f0xx_ll_i2c.o(.text.LL_APB1_GRP1_ReleaseReset) for [Anonymous Symbol]
    py32f0xx_ll_i2c.o(.text.LL_I2C_Init) refers to main.o(.text.assert_failed) for assert_failed
    py32f0xx_ll_i2c.o(.text.LL_I2C_Init) refers to py32f0xx_ll_i2c.o(.text.LL_I2C_Disable) for LL_I2C_Disable
    py32f0xx_ll_i2c.o(.text.LL_I2C_Init) refers to py32f0xx_ll_rcc.o(.text.LL_RCC_GetSystemClocksFreq) for LL_RCC_GetSystemClocksFreq
    py32f0xx_ll_i2c.o(.text.LL_I2C_Init) refers to py32f0xx_ll_i2c.o(.text.LL_I2C_ConfigSpeed) for LL_I2C_ConfigSpeed
    py32f0xx_ll_i2c.o(.text.LL_I2C_Init) refers to py32f0xx_ll_i2c.o(.text.LL_I2C_SetOwnAddress1) for LL_I2C_SetOwnAddress1
    py32f0xx_ll_i2c.o(.text.LL_I2C_Init) refers to py32f0xx_ll_i2c.o(.text.LL_I2C_Enable) for LL_I2C_Enable
    py32f0xx_ll_i2c.o(.text.LL_I2C_Init) refers to py32f0xx_ll_i2c.o(.text.LL_I2C_AcknowledgeNextData) for LL_I2C_AcknowledgeNextData
    py32f0xx_ll_i2c.o(.text.LL_I2C_Init) refers to py32f0xx_ll_i2c.o(.rodata.str1.1) for [Anonymous Symbol]
    py32f0xx_ll_i2c.o(.ARM.exidx.text.LL_I2C_Init) refers to py32f0xx_ll_i2c.o(.text.LL_I2C_Init) for [Anonymous Symbol]
    py32f0xx_ll_i2c.o(.ARM.exidx.text.LL_I2C_Disable) refers to py32f0xx_ll_i2c.o(.text.LL_I2C_Disable) for [Anonymous Symbol]
    py32f0xx_ll_i2c.o(.text.LL_I2C_ConfigSpeed) refers to uidiv_div0.o(.text) for __aeabi_uidiv
    py32f0xx_ll_i2c.o(.ARM.exidx.text.LL_I2C_ConfigSpeed) refers to py32f0xx_ll_i2c.o(.text.LL_I2C_ConfigSpeed) for [Anonymous Symbol]
    py32f0xx_ll_i2c.o(.ARM.exidx.text.LL_I2C_SetOwnAddress1) refers to py32f0xx_ll_i2c.o(.text.LL_I2C_SetOwnAddress1) for [Anonymous Symbol]
    py32f0xx_ll_i2c.o(.ARM.exidx.text.LL_I2C_Enable) refers to py32f0xx_ll_i2c.o(.text.LL_I2C_Enable) for [Anonymous Symbol]
    py32f0xx_ll_i2c.o(.ARM.exidx.text.LL_I2C_AcknowledgeNextData) refers to py32f0xx_ll_i2c.o(.text.LL_I2C_AcknowledgeNextData) for [Anonymous Symbol]
    py32f0xx_ll_i2c.o(.ARM.exidx.text.LL_I2C_StructInit) refers to py32f0xx_ll_i2c.o(.text.LL_I2C_StructInit) for [Anonymous Symbol]
    py32f0xx_ll_lptim.o(.text.LL_LPTIM_DeInit) refers to main.o(.text.assert_failed) for assert_failed
    py32f0xx_ll_lptim.o(.text.LL_LPTIM_DeInit) refers to py32f0xx_ll_lptim.o(.text.LL_APB1_GRP1_ForceReset) for LL_APB1_GRP1_ForceReset
    py32f0xx_ll_lptim.o(.text.LL_LPTIM_DeInit) refers to py32f0xx_ll_lptim.o(.text.LL_APB1_GRP1_ReleaseReset) for LL_APB1_GRP1_ReleaseReset
    py32f0xx_ll_lptim.o(.text.LL_LPTIM_DeInit) refers to py32f0xx_ll_lptim.o(.rodata.str1.1) for [Anonymous Symbol]
    py32f0xx_ll_lptim.o(.ARM.exidx.text.LL_LPTIM_DeInit) refers to py32f0xx_ll_lptim.o(.text.LL_LPTIM_DeInit) for [Anonymous Symbol]
    py32f0xx_ll_lptim.o(.ARM.exidx.text.LL_APB1_GRP1_ForceReset) refers to py32f0xx_ll_lptim.o(.text.LL_APB1_GRP1_ForceReset) for [Anonymous Symbol]
    py32f0xx_ll_lptim.o(.ARM.exidx.text.LL_APB1_GRP1_ReleaseReset) refers to py32f0xx_ll_lptim.o(.text.LL_APB1_GRP1_ReleaseReset) for [Anonymous Symbol]
    py32f0xx_ll_lptim.o(.ARM.exidx.text.LL_LPTIM_StructInit) refers to py32f0xx_ll_lptim.o(.text.LL_LPTIM_StructInit) for [Anonymous Symbol]
    py32f0xx_ll_lptim.o(.text.LL_LPTIM_Init) refers to main.o(.text.assert_failed) for assert_failed
    py32f0xx_ll_lptim.o(.text.LL_LPTIM_Init) refers to py32f0xx_ll_lptim.o(.text.LL_LPTIM_IsEnabled) for LL_LPTIM_IsEnabled
    py32f0xx_ll_lptim.o(.text.LL_LPTIM_Init) refers to py32f0xx_ll_lptim.o(.rodata.str1.1) for [Anonymous Symbol]
    py32f0xx_ll_lptim.o(.ARM.exidx.text.LL_LPTIM_Init) refers to py32f0xx_ll_lptim.o(.text.LL_LPTIM_Init) for [Anonymous Symbol]
    py32f0xx_ll_lptim.o(.ARM.exidx.text.LL_LPTIM_IsEnabled) refers to py32f0xx_ll_lptim.o(.text.LL_LPTIM_IsEnabled) for [Anonymous Symbol]
    py32f0xx_ll_pwr.o(.text.LL_PWR_DeInit) refers to py32f0xx_ll_pwr.o(.text.LL_APB1_GRP1_ForceReset) for LL_APB1_GRP1_ForceReset
    py32f0xx_ll_pwr.o(.text.LL_PWR_DeInit) refers to py32f0xx_ll_pwr.o(.text.LL_APB1_GRP1_ReleaseReset) for LL_APB1_GRP1_ReleaseReset
    py32f0xx_ll_pwr.o(.ARM.exidx.text.LL_PWR_DeInit) refers to py32f0xx_ll_pwr.o(.text.LL_PWR_DeInit) for [Anonymous Symbol]
    py32f0xx_ll_pwr.o(.ARM.exidx.text.LL_APB1_GRP1_ForceReset) refers to py32f0xx_ll_pwr.o(.text.LL_APB1_GRP1_ForceReset) for [Anonymous Symbol]
    py32f0xx_ll_pwr.o(.ARM.exidx.text.LL_APB1_GRP1_ReleaseReset) refers to py32f0xx_ll_pwr.o(.text.LL_APB1_GRP1_ReleaseReset) for [Anonymous Symbol]
    py32f0xx_ll_rcc.o(.text.LL_RCC_DeInit) refers to py32f0xx_ll_rcc.o(.text.LL_RCC_HSI_Enable) for LL_RCC_HSI_Enable
    py32f0xx_ll_rcc.o(.text.LL_RCC_DeInit) refers to py32f0xx_ll_rcc.o(.text.LL_RCC_HSI_IsReady) for LL_RCC_HSI_IsReady
    py32f0xx_ll_rcc.o(.text.LL_RCC_DeInit) refers to py32f0xx_ll_rcc.o(.text.LL_RCC_HSI_SetCalibFreq) for LL_RCC_HSI_SetCalibFreq
    py32f0xx_ll_rcc.o(.text.LL_RCC_DeInit) refers to py32f0xx_ll_rcc.o(.text.LL_RCC_GetSysClkSource) for LL_RCC_GetSysClkSource
    py32f0xx_ll_rcc.o(.text.LL_RCC_DeInit) refers to py32f0xx_ll_rcc.o(.text.LL_RCC_HSE_IsReady) for LL_RCC_HSE_IsReady
    py32f0xx_ll_rcc.o(.ARM.exidx.text.LL_RCC_DeInit) refers to py32f0xx_ll_rcc.o(.text.LL_RCC_DeInit) for [Anonymous Symbol]
    py32f0xx_ll_rcc.o(.ARM.exidx.text.LL_RCC_HSI_Enable) refers to py32f0xx_ll_rcc.o(.text.LL_RCC_HSI_Enable) for [Anonymous Symbol]
    py32f0xx_ll_rcc.o(.ARM.exidx.text.LL_RCC_HSI_IsReady) refers to py32f0xx_ll_rcc.o(.text.LL_RCC_HSI_IsReady) for [Anonymous Symbol]
    py32f0xx_ll_rcc.o(.ARM.exidx.text.LL_RCC_HSI_SetCalibFreq) refers to py32f0xx_ll_rcc.o(.text.LL_RCC_HSI_SetCalibFreq) for [Anonymous Symbol]
    py32f0xx_ll_rcc.o(.ARM.exidx.text.LL_RCC_GetSysClkSource) refers to py32f0xx_ll_rcc.o(.text.LL_RCC_GetSysClkSource) for [Anonymous Symbol]
    py32f0xx_ll_rcc.o(.ARM.exidx.text.LL_RCC_HSE_IsReady) refers to py32f0xx_ll_rcc.o(.text.LL_RCC_HSE_IsReady) for [Anonymous Symbol]
    py32f0xx_ll_rcc.o(.text.LL_RCC_GetSystemClocksFreq) refers to py32f0xx_ll_rcc.o(.text.RCC_GetSystemClockFreq) for RCC_GetSystemClockFreq
    py32f0xx_ll_rcc.o(.text.LL_RCC_GetSystemClocksFreq) refers to py32f0xx_ll_rcc.o(.text.RCC_GetHCLKClockFreq) for RCC_GetHCLKClockFreq
    py32f0xx_ll_rcc.o(.text.LL_RCC_GetSystemClocksFreq) refers to py32f0xx_ll_rcc.o(.text.RCC_GetPCLK1ClockFreq) for RCC_GetPCLK1ClockFreq
    py32f0xx_ll_rcc.o(.ARM.exidx.text.LL_RCC_GetSystemClocksFreq) refers to py32f0xx_ll_rcc.o(.text.LL_RCC_GetSystemClocksFreq) for [Anonymous Symbol]
    py32f0xx_ll_rcc.o(.text.RCC_GetSystemClockFreq) refers to py32f0xx_ll_rcc.o(.text.LL_RCC_GetSysClkSource) for LL_RCC_GetSysClkSource
    py32f0xx_ll_rcc.o(.text.RCC_GetSystemClockFreq) refers to py32f0xx_ll_rcc.o(.text.LL_RCC_GetHSIDiv) for LL_RCC_GetHSIDiv
    py32f0xx_ll_rcc.o(.text.RCC_GetSystemClockFreq) refers to system_py32f0xx.o(.rodata.HSIFreqTable) for HSIFreqTable
    py32f0xx_ll_rcc.o(.ARM.exidx.text.RCC_GetSystemClockFreq) refers to py32f0xx_ll_rcc.o(.text.RCC_GetSystemClockFreq) for [Anonymous Symbol]
    py32f0xx_ll_rcc.o(.text.RCC_GetHCLKClockFreq) refers to py32f0xx_ll_rcc.o(.text.LL_RCC_GetAHBPrescaler) for LL_RCC_GetAHBPrescaler
    py32f0xx_ll_rcc.o(.text.RCC_GetHCLKClockFreq) refers to system_py32f0xx.o(.rodata.AHBPrescTable) for AHBPrescTable
    py32f0xx_ll_rcc.o(.ARM.exidx.text.RCC_GetHCLKClockFreq) refers to py32f0xx_ll_rcc.o(.text.RCC_GetHCLKClockFreq) for [Anonymous Symbol]
    py32f0xx_ll_rcc.o(.text.RCC_GetPCLK1ClockFreq) refers to py32f0xx_ll_rcc.o(.text.LL_RCC_GetAPB1Prescaler) for LL_RCC_GetAPB1Prescaler
    py32f0xx_ll_rcc.o(.text.RCC_GetPCLK1ClockFreq) refers to system_py32f0xx.o(.rodata.APBPrescTable) for APBPrescTable
    py32f0xx_ll_rcc.o(.ARM.exidx.text.RCC_GetPCLK1ClockFreq) refers to py32f0xx_ll_rcc.o(.text.RCC_GetPCLK1ClockFreq) for [Anonymous Symbol]
    py32f0xx_ll_rcc.o(.text.LL_RCC_GetMCOClockFreq) refers to main.o(.text.assert_failed) for assert_failed
    py32f0xx_ll_rcc.o(.text.LL_RCC_GetMCOClockFreq) refers to py32f0xx_ll_rcc.o(.text.LL_RCC_GetMCOClockSource) for LL_RCC_GetMCOClockSource
    py32f0xx_ll_rcc.o(.text.LL_RCC_GetMCOClockFreq) refers to py32f0xx_ll_rcc.o(.text.LL_RCC_HSI_GetFreq) for LL_RCC_HSI_GetFreq
    py32f0xx_ll_rcc.o(.text.LL_RCC_GetMCOClockFreq) refers to py32f0xx_ll_rcc.o(.text.LL_RCC_HSE_IsReady) for LL_RCC_HSE_IsReady
    py32f0xx_ll_rcc.o(.text.LL_RCC_GetMCOClockFreq) refers to py32f0xx_ll_rcc.o(.text.LL_RCC_LSI_IsReady) for LL_RCC_LSI_IsReady
    py32f0xx_ll_rcc.o(.text.LL_RCC_GetMCOClockFreq) refers to py32f0xx_ll_rcc.o(.text.LL_RCC_GetMCODiv) for LL_RCC_GetMCODiv
    py32f0xx_ll_rcc.o(.text.LL_RCC_GetMCOClockFreq) refers to py32f0xx_ll_rcc.o(.rodata.str1.1) for [Anonymous Symbol]
    py32f0xx_ll_rcc.o(.text.LL_RCC_GetMCOClockFreq) refers to system_py32f0xx.o(.data.SystemCoreClock) for SystemCoreClock
    py32f0xx_ll_rcc.o(.ARM.exidx.text.LL_RCC_GetMCOClockFreq) refers to py32f0xx_ll_rcc.o(.text.LL_RCC_GetMCOClockFreq) for [Anonymous Symbol]
    py32f0xx_ll_rcc.o(.ARM.exidx.text.LL_RCC_GetMCOClockSource) refers to py32f0xx_ll_rcc.o(.text.LL_RCC_GetMCOClockSource) for [Anonymous Symbol]
    py32f0xx_ll_rcc.o(.text.LL_RCC_HSI_GetFreq) refers to system_py32f0xx.o(.rodata.HSIFreqTable) for HSIFreqTable
    py32f0xx_ll_rcc.o(.ARM.exidx.text.LL_RCC_HSI_GetFreq) refers to py32f0xx_ll_rcc.o(.text.LL_RCC_HSI_GetFreq) for [Anonymous Symbol]
    py32f0xx_ll_rcc.o(.ARM.exidx.text.LL_RCC_LSI_IsReady) refers to py32f0xx_ll_rcc.o(.text.LL_RCC_LSI_IsReady) for [Anonymous Symbol]
    py32f0xx_ll_rcc.o(.ARM.exidx.text.LL_RCC_GetMCODiv) refers to py32f0xx_ll_rcc.o(.text.LL_RCC_GetMCODiv) for [Anonymous Symbol]
    py32f0xx_ll_rcc.o(.ARM.exidx.text.LL_RCC_GetLSCClockFreq) refers to py32f0xx_ll_rcc.o(.text.LL_RCC_GetLSCClockFreq) for [Anonymous Symbol]
    py32f0xx_ll_rcc.o(.text.LL_RCC_GetCOMPClockFreq) refers to main.o(.text.assert_failed) for assert_failed
    py32f0xx_ll_rcc.o(.text.LL_RCC_GetCOMPClockFreq) refers to py32f0xx_ll_rcc.o(.text.LL_RCC_GetCOMPClockSource) for LL_RCC_GetCOMPClockSource
    py32f0xx_ll_rcc.o(.text.LL_RCC_GetCOMPClockFreq) refers to py32f0xx_ll_rcc.o(.text.LL_RCC_GetLSCClockFreq) for LL_RCC_GetLSCClockFreq
    py32f0xx_ll_rcc.o(.text.LL_RCC_GetCOMPClockFreq) refers to py32f0xx_ll_rcc.o(.text.RCC_GetSystemClockFreq) for RCC_GetSystemClockFreq
    py32f0xx_ll_rcc.o(.text.LL_RCC_GetCOMPClockFreq) refers to py32f0xx_ll_rcc.o(.text.RCC_GetHCLKClockFreq) for RCC_GetHCLKClockFreq
    py32f0xx_ll_rcc.o(.text.LL_RCC_GetCOMPClockFreq) refers to py32f0xx_ll_rcc.o(.text.RCC_GetPCLK1ClockFreq) for RCC_GetPCLK1ClockFreq
    py32f0xx_ll_rcc.o(.text.LL_RCC_GetCOMPClockFreq) refers to py32f0xx_ll_rcc.o(.rodata.str1.1) for [Anonymous Symbol]
    py32f0xx_ll_rcc.o(.ARM.exidx.text.LL_RCC_GetCOMPClockFreq) refers to py32f0xx_ll_rcc.o(.text.LL_RCC_GetCOMPClockFreq) for [Anonymous Symbol]
    py32f0xx_ll_rcc.o(.ARM.exidx.text.LL_RCC_GetCOMPClockSource) refers to py32f0xx_ll_rcc.o(.text.LL_RCC_GetCOMPClockSource) for [Anonymous Symbol]
    py32f0xx_ll_rcc.o(.text.LL_RCC_GetLPTIMClockFreq) refers to main.o(.text.assert_failed) for assert_failed
    py32f0xx_ll_rcc.o(.text.LL_RCC_GetLPTIMClockFreq) refers to py32f0xx_ll_rcc.o(.text.LL_RCC_GetLPTIMClockSource) for LL_RCC_GetLPTIMClockSource
    py32f0xx_ll_rcc.o(.text.LL_RCC_GetLPTIMClockFreq) refers to py32f0xx_ll_rcc.o(.text.LL_RCC_LSI_IsReady) for LL_RCC_LSI_IsReady
    py32f0xx_ll_rcc.o(.text.LL_RCC_GetLPTIMClockFreq) refers to py32f0xx_ll_rcc.o(.text.RCC_GetSystemClockFreq) for RCC_GetSystemClockFreq
    py32f0xx_ll_rcc.o(.text.LL_RCC_GetLPTIMClockFreq) refers to py32f0xx_ll_rcc.o(.text.RCC_GetHCLKClockFreq) for RCC_GetHCLKClockFreq
    py32f0xx_ll_rcc.o(.text.LL_RCC_GetLPTIMClockFreq) refers to py32f0xx_ll_rcc.o(.text.RCC_GetPCLK1ClockFreq) for RCC_GetPCLK1ClockFreq
    py32f0xx_ll_rcc.o(.text.LL_RCC_GetLPTIMClockFreq) refers to py32f0xx_ll_rcc.o(.rodata.str1.1) for [Anonymous Symbol]
    py32f0xx_ll_rcc.o(.ARM.exidx.text.LL_RCC_GetLPTIMClockFreq) refers to py32f0xx_ll_rcc.o(.text.LL_RCC_GetLPTIMClockFreq) for [Anonymous Symbol]
    py32f0xx_ll_rcc.o(.ARM.exidx.text.LL_RCC_GetLPTIMClockSource) refers to py32f0xx_ll_rcc.o(.text.LL_RCC_GetLPTIMClockSource) for [Anonymous Symbol]
    py32f0xx_ll_rcc.o(.ARM.exidx.text.LL_RCC_GetHSIDiv) refers to py32f0xx_ll_rcc.o(.text.LL_RCC_GetHSIDiv) for [Anonymous Symbol]
    py32f0xx_ll_rcc.o(.ARM.exidx.text.LL_RCC_GetAHBPrescaler) refers to py32f0xx_ll_rcc.o(.text.LL_RCC_GetAHBPrescaler) for [Anonymous Symbol]
    py32f0xx_ll_rcc.o(.ARM.exidx.text.LL_RCC_GetAPB1Prescaler) refers to py32f0xx_ll_rcc.o(.text.LL_RCC_GetAPB1Prescaler) for [Anonymous Symbol]
    py32f0xx_ll_spi.o(.text.LL_SPI_DeInit) refers to main.o(.text.assert_failed) for assert_failed
    py32f0xx_ll_spi.o(.text.LL_SPI_DeInit) refers to py32f0xx_ll_spi.o(.text.LL_APB1_GRP2_ForceReset) for LL_APB1_GRP2_ForceReset
    py32f0xx_ll_spi.o(.text.LL_SPI_DeInit) refers to py32f0xx_ll_spi.o(.text.LL_APB1_GRP2_ReleaseReset) for LL_APB1_GRP2_ReleaseReset
    py32f0xx_ll_spi.o(.text.LL_SPI_DeInit) refers to py32f0xx_ll_spi.o(.rodata.str1.1) for [Anonymous Symbol]
    py32f0xx_ll_spi.o(.ARM.exidx.text.LL_SPI_DeInit) refers to py32f0xx_ll_spi.o(.text.LL_SPI_DeInit) for [Anonymous Symbol]
    py32f0xx_ll_spi.o(.ARM.exidx.text.LL_APB1_GRP2_ForceReset) refers to py32f0xx_ll_spi.o(.text.LL_APB1_GRP2_ForceReset) for [Anonymous Symbol]
    py32f0xx_ll_spi.o(.ARM.exidx.text.LL_APB1_GRP2_ReleaseReset) refers to py32f0xx_ll_spi.o(.text.LL_APB1_GRP2_ReleaseReset) for [Anonymous Symbol]
    py32f0xx_ll_spi.o(.text.LL_SPI_Init) refers to main.o(.text.assert_failed) for assert_failed
    py32f0xx_ll_spi.o(.text.LL_SPI_Init) refers to py32f0xx_ll_spi.o(.text.LL_SPI_IsEnabled) for LL_SPI_IsEnabled
    py32f0xx_ll_spi.o(.text.LL_SPI_Init) refers to py32f0xx_ll_spi.o(.text.LL_SPI_SetRxFIFOThreshold) for LL_SPI_SetRxFIFOThreshold
    py32f0xx_ll_spi.o(.text.LL_SPI_Init) refers to py32f0xx_ll_spi.o(.rodata.str1.1) for [Anonymous Symbol]
    py32f0xx_ll_spi.o(.ARM.exidx.text.LL_SPI_Init) refers to py32f0xx_ll_spi.o(.text.LL_SPI_Init) for [Anonymous Symbol]
    py32f0xx_ll_spi.o(.ARM.exidx.text.LL_SPI_IsEnabled) refers to py32f0xx_ll_spi.o(.text.LL_SPI_IsEnabled) for [Anonymous Symbol]
    py32f0xx_ll_spi.o(.ARM.exidx.text.LL_SPI_SetRxFIFOThreshold) refers to py32f0xx_ll_spi.o(.text.LL_SPI_SetRxFIFOThreshold) for [Anonymous Symbol]
    py32f0xx_ll_spi.o(.ARM.exidx.text.LL_SPI_StructInit) refers to py32f0xx_ll_spi.o(.text.LL_SPI_StructInit) for [Anonymous Symbol]
    py32f0xx_ll_tim.o(.text.LL_TIM_DeInit) refers to main.o(.text.assert_failed) for assert_failed
    py32f0xx_ll_tim.o(.text.LL_TIM_DeInit) refers to py32f0xx_ll_tim.o(.text.LL_APB1_GRP2_ForceReset) for LL_APB1_GRP2_ForceReset
    py32f0xx_ll_tim.o(.text.LL_TIM_DeInit) refers to py32f0xx_ll_tim.o(.text.LL_APB1_GRP2_ReleaseReset) for LL_APB1_GRP2_ReleaseReset
    py32f0xx_ll_tim.o(.text.LL_TIM_DeInit) refers to py32f0xx_ll_tim.o(.rodata.str1.1) for [Anonymous Symbol]
    py32f0xx_ll_tim.o(.ARM.exidx.text.LL_TIM_DeInit) refers to py32f0xx_ll_tim.o(.text.LL_TIM_DeInit) for [Anonymous Symbol]
    py32f0xx_ll_tim.o(.ARM.exidx.text.LL_APB1_GRP2_ForceReset) refers to py32f0xx_ll_tim.o(.text.LL_APB1_GRP2_ForceReset) for [Anonymous Symbol]
    py32f0xx_ll_tim.o(.ARM.exidx.text.LL_APB1_GRP2_ReleaseReset) refers to py32f0xx_ll_tim.o(.text.LL_APB1_GRP2_ReleaseReset) for [Anonymous Symbol]
    py32f0xx_ll_tim.o(.ARM.exidx.text.LL_TIM_StructInit) refers to py32f0xx_ll_tim.o(.text.LL_TIM_StructInit) for [Anonymous Symbol]
    py32f0xx_ll_tim.o(.text.LL_TIM_Init) refers to main.o(.text.assert_failed) for assert_failed
    py32f0xx_ll_tim.o(.text.LL_TIM_Init) refers to py32f0xx_ll_tim.o(.text.LL_TIM_SetAutoReload) for LL_TIM_SetAutoReload
    py32f0xx_ll_tim.o(.text.LL_TIM_Init) refers to py32f0xx_ll_tim.o(.text.LL_TIM_SetPrescaler) for LL_TIM_SetPrescaler
    py32f0xx_ll_tim.o(.text.LL_TIM_Init) refers to py32f0xx_ll_tim.o(.text.LL_TIM_SetRepetitionCounter) for LL_TIM_SetRepetitionCounter
    py32f0xx_ll_tim.o(.text.LL_TIM_Init) refers to py32f0xx_ll_tim.o(.text.LL_TIM_GenerateEvent_UPDATE) for LL_TIM_GenerateEvent_UPDATE
    py32f0xx_ll_tim.o(.text.LL_TIM_Init) refers to py32f0xx_ll_tim.o(.rodata.str1.1) for [Anonymous Symbol]
    py32f0xx_ll_tim.o(.ARM.exidx.text.LL_TIM_Init) refers to py32f0xx_ll_tim.o(.text.LL_TIM_Init) for [Anonymous Symbol]
    py32f0xx_ll_tim.o(.ARM.exidx.text.LL_TIM_SetAutoReload) refers to py32f0xx_ll_tim.o(.text.LL_TIM_SetAutoReload) for [Anonymous Symbol]
    py32f0xx_ll_tim.o(.ARM.exidx.text.LL_TIM_SetPrescaler) refers to py32f0xx_ll_tim.o(.text.LL_TIM_SetPrescaler) for [Anonymous Symbol]
    py32f0xx_ll_tim.o(.ARM.exidx.text.LL_TIM_SetRepetitionCounter) refers to py32f0xx_ll_tim.o(.text.LL_TIM_SetRepetitionCounter) for [Anonymous Symbol]
    py32f0xx_ll_tim.o(.ARM.exidx.text.LL_TIM_GenerateEvent_UPDATE) refers to py32f0xx_ll_tim.o(.text.LL_TIM_GenerateEvent_UPDATE) for [Anonymous Symbol]
    py32f0xx_ll_tim.o(.ARM.exidx.text.LL_TIM_OC_StructInit) refers to py32f0xx_ll_tim.o(.text.LL_TIM_OC_StructInit) for [Anonymous Symbol]
    py32f0xx_ll_tim.o(.text.LL_TIM_OC_Init) refers to py32f0xx_ll_tim.o(.text.OC1Config) for OC1Config
    py32f0xx_ll_tim.o(.text.LL_TIM_OC_Init) refers to py32f0xx_ll_tim.o(.text.OC2Config) for OC2Config
    py32f0xx_ll_tim.o(.text.LL_TIM_OC_Init) refers to py32f0xx_ll_tim.o(.text.OC3Config) for OC3Config
    py32f0xx_ll_tim.o(.text.LL_TIM_OC_Init) refers to py32f0xx_ll_tim.o(.text.OC4Config) for OC4Config
    py32f0xx_ll_tim.o(.ARM.exidx.text.LL_TIM_OC_Init) refers to py32f0xx_ll_tim.o(.text.LL_TIM_OC_Init) for [Anonymous Symbol]
    py32f0xx_ll_tim.o(.text.OC1Config) refers to main.o(.text.assert_failed) for assert_failed
    py32f0xx_ll_tim.o(.text.OC1Config) refers to py32f0xx_ll_tim.o(.text.LL_TIM_OC_SetCompareCH1) for LL_TIM_OC_SetCompareCH1
    py32f0xx_ll_tim.o(.text.OC1Config) refers to py32f0xx_ll_tim.o(.rodata.str1.1) for [Anonymous Symbol]
    py32f0xx_ll_tim.o(.ARM.exidx.text.OC1Config) refers to py32f0xx_ll_tim.o(.text.OC1Config) for [Anonymous Symbol]
    py32f0xx_ll_tim.o(.text.OC2Config) refers to main.o(.text.assert_failed) for assert_failed
    py32f0xx_ll_tim.o(.text.OC2Config) refers to py32f0xx_ll_tim.o(.text.LL_TIM_OC_SetCompareCH2) for LL_TIM_OC_SetCompareCH2
    py32f0xx_ll_tim.o(.text.OC2Config) refers to py32f0xx_ll_tim.o(.rodata.str1.1) for [Anonymous Symbol]
    py32f0xx_ll_tim.o(.ARM.exidx.text.OC2Config) refers to py32f0xx_ll_tim.o(.text.OC2Config) for [Anonymous Symbol]
    py32f0xx_ll_tim.o(.text.OC3Config) refers to main.o(.text.assert_failed) for assert_failed
    py32f0xx_ll_tim.o(.text.OC3Config) refers to py32f0xx_ll_tim.o(.text.LL_TIM_OC_SetCompareCH3) for LL_TIM_OC_SetCompareCH3
    py32f0xx_ll_tim.o(.text.OC3Config) refers to py32f0xx_ll_tim.o(.rodata.str1.1) for [Anonymous Symbol]
    py32f0xx_ll_tim.o(.ARM.exidx.text.OC3Config) refers to py32f0xx_ll_tim.o(.text.OC3Config) for [Anonymous Symbol]
    py32f0xx_ll_tim.o(.text.OC4Config) refers to main.o(.text.assert_failed) for assert_failed
    py32f0xx_ll_tim.o(.text.OC4Config) refers to py32f0xx_ll_tim.o(.text.LL_TIM_OC_SetCompareCH4) for LL_TIM_OC_SetCompareCH4
    py32f0xx_ll_tim.o(.text.OC4Config) refers to py32f0xx_ll_tim.o(.rodata.str1.1) for [Anonymous Symbol]
    py32f0xx_ll_tim.o(.ARM.exidx.text.OC4Config) refers to py32f0xx_ll_tim.o(.text.OC4Config) for [Anonymous Symbol]
    py32f0xx_ll_tim.o(.ARM.exidx.text.LL_TIM_IC_StructInit) refers to py32f0xx_ll_tim.o(.text.LL_TIM_IC_StructInit) for [Anonymous Symbol]
    py32f0xx_ll_tim.o(.text.LL_TIM_IC_Init) refers to py32f0xx_ll_tim.o(.text.IC1Config) for IC1Config
    py32f0xx_ll_tim.o(.text.LL_TIM_IC_Init) refers to py32f0xx_ll_tim.o(.text.IC2Config) for IC2Config
    py32f0xx_ll_tim.o(.text.LL_TIM_IC_Init) refers to py32f0xx_ll_tim.o(.text.IC3Config) for IC3Config
    py32f0xx_ll_tim.o(.text.LL_TIM_IC_Init) refers to py32f0xx_ll_tim.o(.text.IC4Config) for IC4Config
    py32f0xx_ll_tim.o(.ARM.exidx.text.LL_TIM_IC_Init) refers to py32f0xx_ll_tim.o(.text.LL_TIM_IC_Init) for [Anonymous Symbol]
    py32f0xx_ll_tim.o(.text.IC1Config) refers to main.o(.text.assert_failed) for assert_failed
    py32f0xx_ll_tim.o(.text.IC1Config) refers to py32f0xx_ll_tim.o(.rodata.str1.1) for [Anonymous Symbol]
    py32f0xx_ll_tim.o(.ARM.exidx.text.IC1Config) refers to py32f0xx_ll_tim.o(.text.IC1Config) for [Anonymous Symbol]
    py32f0xx_ll_tim.o(.text.IC2Config) refers to main.o(.text.assert_failed) for assert_failed
    py32f0xx_ll_tim.o(.text.IC2Config) refers to py32f0xx_ll_tim.o(.rodata.str1.1) for [Anonymous Symbol]
    py32f0xx_ll_tim.o(.ARM.exidx.text.IC2Config) refers to py32f0xx_ll_tim.o(.text.IC2Config) for [Anonymous Symbol]
    py32f0xx_ll_tim.o(.text.IC3Config) refers to main.o(.text.assert_failed) for assert_failed
    py32f0xx_ll_tim.o(.text.IC3Config) refers to py32f0xx_ll_tim.o(.rodata.str1.1) for [Anonymous Symbol]
    py32f0xx_ll_tim.o(.ARM.exidx.text.IC3Config) refers to py32f0xx_ll_tim.o(.text.IC3Config) for [Anonymous Symbol]
    py32f0xx_ll_tim.o(.text.IC4Config) refers to main.o(.text.assert_failed) for assert_failed
    py32f0xx_ll_tim.o(.text.IC4Config) refers to py32f0xx_ll_tim.o(.rodata.str1.1) for [Anonymous Symbol]
    py32f0xx_ll_tim.o(.ARM.exidx.text.IC4Config) refers to py32f0xx_ll_tim.o(.text.IC4Config) for [Anonymous Symbol]
    py32f0xx_ll_tim.o(.ARM.exidx.text.LL_TIM_ENCODER_StructInit) refers to py32f0xx_ll_tim.o(.text.LL_TIM_ENCODER_StructInit) for [Anonymous Symbol]
    py32f0xx_ll_tim.o(.text.LL_TIM_ENCODER_Init) refers to main.o(.text.assert_failed) for assert_failed
    py32f0xx_ll_tim.o(.text.LL_TIM_ENCODER_Init) refers to py32f0xx_ll_tim.o(.text.LL_TIM_SetEncoderMode) for LL_TIM_SetEncoderMode
    py32f0xx_ll_tim.o(.text.LL_TIM_ENCODER_Init) refers to py32f0xx_ll_tim.o(.rodata.str1.1) for [Anonymous Symbol]
    py32f0xx_ll_tim.o(.ARM.exidx.text.LL_TIM_ENCODER_Init) refers to py32f0xx_ll_tim.o(.text.LL_TIM_ENCODER_Init) for [Anonymous Symbol]
    py32f0xx_ll_tim.o(.ARM.exidx.text.LL_TIM_SetEncoderMode) refers to py32f0xx_ll_tim.o(.text.LL_TIM_SetEncoderMode) for [Anonymous Symbol]
    py32f0xx_ll_tim.o(.ARM.exidx.text.LL_TIM_HALLSENSOR_StructInit) refers to py32f0xx_ll_tim.o(.text.LL_TIM_HALLSENSOR_StructInit) for [Anonymous Symbol]
    py32f0xx_ll_tim.o(.text.LL_TIM_HALLSENSOR_Init) refers to main.o(.text.assert_failed) for assert_failed
    py32f0xx_ll_tim.o(.text.LL_TIM_HALLSENSOR_Init) refers to py32f0xx_ll_tim.o(.text.LL_TIM_OC_SetCompareCH2) for LL_TIM_OC_SetCompareCH2
    py32f0xx_ll_tim.o(.text.LL_TIM_HALLSENSOR_Init) refers to py32f0xx_ll_tim.o(.rodata.str1.1) for [Anonymous Symbol]
    py32f0xx_ll_tim.o(.ARM.exidx.text.LL_TIM_HALLSENSOR_Init) refers to py32f0xx_ll_tim.o(.text.LL_TIM_HALLSENSOR_Init) for [Anonymous Symbol]
    py32f0xx_ll_tim.o(.ARM.exidx.text.LL_TIM_OC_SetCompareCH2) refers to py32f0xx_ll_tim.o(.text.LL_TIM_OC_SetCompareCH2) for [Anonymous Symbol]
    py32f0xx_ll_tim.o(.ARM.exidx.text.LL_TIM_BDTR_StructInit) refers to py32f0xx_ll_tim.o(.text.LL_TIM_BDTR_StructInit) for [Anonymous Symbol]
    py32f0xx_ll_tim.o(.text.LL_TIM_BDTR_Init) refers to main.o(.text.assert_failed) for assert_failed
    py32f0xx_ll_tim.o(.text.LL_TIM_BDTR_Init) refers to py32f0xx_ll_tim.o(.rodata.str1.1) for [Anonymous Symbol]
    py32f0xx_ll_tim.o(.ARM.exidx.text.LL_TIM_BDTR_Init) refers to py32f0xx_ll_tim.o(.text.LL_TIM_BDTR_Init) for [Anonymous Symbol]
    py32f0xx_ll_tim.o(.ARM.exidx.text.LL_TIM_OC_SetCompareCH1) refers to py32f0xx_ll_tim.o(.text.LL_TIM_OC_SetCompareCH1) for [Anonymous Symbol]
    py32f0xx_ll_tim.o(.ARM.exidx.text.LL_TIM_OC_SetCompareCH3) refers to py32f0xx_ll_tim.o(.text.LL_TIM_OC_SetCompareCH3) for [Anonymous Symbol]
    py32f0xx_ll_tim.o(.ARM.exidx.text.LL_TIM_OC_SetCompareCH4) refers to py32f0xx_ll_tim.o(.text.LL_TIM_OC_SetCompareCH4) for [Anonymous Symbol]
    py32f0xx_ll_usart.o(.text.LL_USART_DeInit) refers to main.o(.text.assert_failed) for assert_failed
    py32f0xx_ll_usart.o(.text.LL_USART_DeInit) refers to py32f0xx_ll_usart.o(.text.LL_APB1_GRP2_ForceReset) for LL_APB1_GRP2_ForceReset
    py32f0xx_ll_usart.o(.text.LL_USART_DeInit) refers to py32f0xx_ll_usart.o(.text.LL_APB1_GRP2_ReleaseReset) for LL_APB1_GRP2_ReleaseReset
    py32f0xx_ll_usart.o(.text.LL_USART_DeInit) refers to py32f0xx_ll_usart.o(.rodata.str1.1) for [Anonymous Symbol]
    py32f0xx_ll_usart.o(.ARM.exidx.text.LL_USART_DeInit) refers to py32f0xx_ll_usart.o(.text.LL_USART_DeInit) for [Anonymous Symbol]
    py32f0xx_ll_usart.o(.ARM.exidx.text.LL_APB1_GRP2_ForceReset) refers to py32f0xx_ll_usart.o(.text.LL_APB1_GRP2_ForceReset) for [Anonymous Symbol]
    py32f0xx_ll_usart.o(.ARM.exidx.text.LL_APB1_GRP2_ReleaseReset) refers to py32f0xx_ll_usart.o(.text.LL_APB1_GRP2_ReleaseReset) for [Anonymous Symbol]
    py32f0xx_ll_usart.o(.text.LL_USART_Init) refers to main.o(.text.assert_failed) for assert_failed
    py32f0xx_ll_usart.o(.text.LL_USART_Init) refers to py32f0xx_ll_usart.o(.text.LL_USART_IsEnabled) for LL_USART_IsEnabled
    py32f0xx_ll_usart.o(.text.LL_USART_Init) refers to py32f0xx_ll_usart.o(.text.LL_USART_SetStopBitsLength) for LL_USART_SetStopBitsLength
    py32f0xx_ll_usart.o(.text.LL_USART_Init) refers to py32f0xx_ll_usart.o(.text.LL_USART_SetHWFlowCtrl) for LL_USART_SetHWFlowCtrl
    py32f0xx_ll_usart.o(.text.LL_USART_Init) refers to py32f0xx_ll_rcc.o(.text.LL_RCC_GetSystemClocksFreq) for LL_RCC_GetSystemClocksFreq
    py32f0xx_ll_usart.o(.text.LL_USART_Init) refers to py32f0xx_ll_usart.o(.text.LL_USART_SetBaudRate) for LL_USART_SetBaudRate
    py32f0xx_ll_usart.o(.text.LL_USART_Init) refers to py32f0xx_ll_usart.o(.rodata.str1.1) for [Anonymous Symbol]
    py32f0xx_ll_usart.o(.ARM.exidx.text.LL_USART_Init) refers to py32f0xx_ll_usart.o(.text.LL_USART_Init) for [Anonymous Symbol]
    py32f0xx_ll_usart.o(.ARM.exidx.text.LL_USART_IsEnabled) refers to py32f0xx_ll_usart.o(.text.LL_USART_IsEnabled) for [Anonymous Symbol]
    py32f0xx_ll_usart.o(.ARM.exidx.text.LL_USART_SetStopBitsLength) refers to py32f0xx_ll_usart.o(.text.LL_USART_SetStopBitsLength) for [Anonymous Symbol]
    py32f0xx_ll_usart.o(.ARM.exidx.text.LL_USART_SetHWFlowCtrl) refers to py32f0xx_ll_usart.o(.text.LL_USART_SetHWFlowCtrl) for [Anonymous Symbol]
    py32f0xx_ll_usart.o(.text.LL_USART_SetBaudRate) refers to uidiv_div0.o(.text) for __aeabi_uidiv
    py32f0xx_ll_usart.o(.ARM.exidx.text.LL_USART_SetBaudRate) refers to py32f0xx_ll_usart.o(.text.LL_USART_SetBaudRate) for [Anonymous Symbol]
    py32f0xx_ll_usart.o(.ARM.exidx.text.LL_USART_StructInit) refers to py32f0xx_ll_usart.o(.text.LL_USART_StructInit) for [Anonymous Symbol]
    py32f0xx_ll_usart.o(.text.LL_USART_ClockInit) refers to main.o(.text.assert_failed) for assert_failed
    py32f0xx_ll_usart.o(.text.LL_USART_ClockInit) refers to py32f0xx_ll_usart.o(.text.LL_USART_IsEnabled) for LL_USART_IsEnabled
    py32f0xx_ll_usart.o(.text.LL_USART_ClockInit) refers to py32f0xx_ll_usart.o(.text.LL_USART_DisableSCLKOutput) for LL_USART_DisableSCLKOutput
    py32f0xx_ll_usart.o(.text.LL_USART_ClockInit) refers to py32f0xx_ll_usart.o(.rodata.str1.1) for [Anonymous Symbol]
    py32f0xx_ll_usart.o(.ARM.exidx.text.LL_USART_ClockInit) refers to py32f0xx_ll_usart.o(.text.LL_USART_ClockInit) for [Anonymous Symbol]
    py32f0xx_ll_usart.o(.ARM.exidx.text.LL_USART_DisableSCLKOutput) refers to py32f0xx_ll_usart.o(.text.LL_USART_DisableSCLKOutput) for [Anonymous Symbol]
    py32f0xx_ll_usart.o(.ARM.exidx.text.LL_USART_ClockStructInit) refers to py32f0xx_ll_usart.o(.text.LL_USART_ClockStructInit) for [Anonymous Symbol]
    py32f0xx_ll_utils.o(.text.LL_Init1msTick) refers to py32f0xx_ll_utils.o(.text.LL_InitTick) for LL_InitTick
    py32f0xx_ll_utils.o(.ARM.exidx.text.LL_Init1msTick) refers to py32f0xx_ll_utils.o(.text.LL_Init1msTick) for [Anonymous Symbol]
    py32f0xx_ll_utils.o(.text.LL_InitTick) refers to uidiv_div0.o(.text) for __aeabi_uidiv
    py32f0xx_ll_utils.o(.ARM.exidx.text.LL_InitTick) refers to py32f0xx_ll_utils.o(.text.LL_InitTick) for [Anonymous Symbol]
    py32f0xx_ll_utils.o(.ARM.exidx.text.LL_mDelay) refers to py32f0xx_ll_utils.o(.text.LL_mDelay) for [Anonymous Symbol]
    py32f0xx_ll_utils.o(.text.LL_SetSystemCoreClock) refers to system_py32f0xx.o(.data.SystemCoreClock) for SystemCoreClock
    py32f0xx_ll_utils.o(.ARM.exidx.text.LL_SetSystemCoreClock) refers to py32f0xx_ll_utils.o(.text.LL_SetSystemCoreClock) for [Anonymous Symbol]
    py32f0xx_ll_utils.o(.text.LL_SetFlashLatency) refers to py32f0xx_ll_utils.o(.text.LL_FLASH_SetLatency) for LL_FLASH_SetLatency
    py32f0xx_ll_utils.o(.text.LL_SetFlashLatency) refers to py32f0xx_ll_utils.o(.text.LL_FLASH_GetLatency) for LL_FLASH_GetLatency
    py32f0xx_ll_utils.o(.ARM.exidx.text.LL_SetFlashLatency) refers to py32f0xx_ll_utils.o(.text.LL_SetFlashLatency) for [Anonymous Symbol]
    py32f0xx_ll_utils.o(.ARM.exidx.text.LL_FLASH_SetLatency) refers to py32f0xx_ll_utils.o(.text.LL_FLASH_SetLatency) for [Anonymous Symbol]
    py32f0xx_ll_utils.o(.ARM.exidx.text.LL_FLASH_GetLatency) refers to py32f0xx_ll_utils.o(.text.LL_FLASH_GetLatency) for [Anonymous Symbol]
    pv_startup.o(.text.PV_STARTUP_Init) refers to pv_startup.o(.text.LL_APB1_GRP1_EnableClock) for LL_APB1_GRP1_EnableClock
    pv_startup.o(.text.PV_STARTUP_Init) refers to pv_startup.o(.text.LL_APB1_GRP2_EnableClock) for LL_APB1_GRP2_EnableClock
    pv_startup.o(.text.PV_STARTUP_Init) refers to pv_startup.o(.text.LL_RCC_HSI_Enable) for LL_RCC_HSI_Enable
    pv_startup.o(.text.PV_STARTUP_Init) refers to pv_startup.o(.text.LL_RCC_HSI_IsReady) for LL_RCC_HSI_IsReady
    pv_startup.o(.text.PV_STARTUP_Init) refers to pv_startup.o(.text.LL_RCC_HSI_SetCalibFreq) for LL_RCC_HSI_SetCalibFreq
    pv_startup.o(.text.PV_STARTUP_Init) refers to pv_startup.o(.text.LL_RCC_SetAHBPrescaler) for LL_RCC_SetAHBPrescaler
    pv_startup.o(.text.PV_STARTUP_Init) refers to pv_startup.o(.text.LL_RCC_SetSysClkSource) for LL_RCC_SetSysClkSource
    pv_startup.o(.text.PV_STARTUP_Init) refers to pv_startup.o(.text.LL_RCC_GetSysClkSource) for LL_RCC_GetSysClkSource
    pv_startup.o(.text.PV_STARTUP_Init) refers to pv_startup.o(.text.LL_RCC_SetAPB1Prescaler) for LL_RCC_SetAPB1Prescaler
    pv_startup.o(.text.PV_STARTUP_Init) refers to py32f0xx_ll_utils.o(.text.LL_SetSystemCoreClock) for LL_SetSystemCoreClock
    pv_startup.o(.text.PV_STARTUP_Init) refers to uidiv_div0.o(.text) for __aeabi_uidiv
    pv_startup.o(.text.PV_STARTUP_Init) refers to pv_startup.o(.text.SysTick_Config) for SysTick_Config
    pv_startup.o(.text.PV_STARTUP_Init) refers to pv_startup.o(.text.NVIC_SetPriority) for NVIC_SetPriority
    pv_startup.o(.text.PV_STARTUP_Init) refers to system_py32f0xx.o(.data.SystemCoreClock) for SystemCoreClock
    pv_startup.o(.ARM.exidx.text.PV_STARTUP_Init) refers to pv_startup.o(.text.PV_STARTUP_Init) for [Anonymous Symbol]
    pv_startup.o(.ARM.exidx.text.LL_APB1_GRP1_EnableClock) refers to pv_startup.o(.text.LL_APB1_GRP1_EnableClock) for [Anonymous Symbol]
    pv_startup.o(.ARM.exidx.text.LL_APB1_GRP2_EnableClock) refers to pv_startup.o(.text.LL_APB1_GRP2_EnableClock) for [Anonymous Symbol]
    pv_startup.o(.ARM.exidx.text.LL_RCC_HSI_Enable) refers to pv_startup.o(.text.LL_RCC_HSI_Enable) for [Anonymous Symbol]
    pv_startup.o(.ARM.exidx.text.LL_RCC_HSI_IsReady) refers to pv_startup.o(.text.LL_RCC_HSI_IsReady) for [Anonymous Symbol]
    pv_startup.o(.ARM.exidx.text.LL_RCC_HSI_SetCalibFreq) refers to pv_startup.o(.text.LL_RCC_HSI_SetCalibFreq) for [Anonymous Symbol]
    pv_startup.o(.ARM.exidx.text.LL_RCC_SetAHBPrescaler) refers to pv_startup.o(.text.LL_RCC_SetAHBPrescaler) for [Anonymous Symbol]
    pv_startup.o(.ARM.exidx.text.LL_RCC_SetSysClkSource) refers to pv_startup.o(.text.LL_RCC_SetSysClkSource) for [Anonymous Symbol]
    pv_startup.o(.ARM.exidx.text.LL_RCC_GetSysClkSource) refers to pv_startup.o(.text.LL_RCC_GetSysClkSource) for [Anonymous Symbol]
    pv_startup.o(.ARM.exidx.text.LL_RCC_SetAPB1Prescaler) refers to pv_startup.o(.text.LL_RCC_SetAPB1Prescaler) for [Anonymous Symbol]
    pv_startup.o(.text.SysTick_Config) refers to pv_startup.o(.text.NVIC_SetPriority) for NVIC_SetPriority
    pv_startup.o(.ARM.exidx.text.SysTick_Config) refers to pv_startup.o(.text.SysTick_Config) for [Anonymous Symbol]
    pv_startup.o(.ARM.exidx.text.NVIC_SetPriority) refers to pv_startup.o(.text.NVIC_SetPriority) for [Anonymous Symbol]
    pv_delay.o(.ARM.exidx.text.PV_DELAY_Init) refers to pv_delay.o(.text.PV_DELAY_Init) for [Anonymous Symbol]
    pv_delay.o(.text.PV_DELAY_GetTick) refers to pv_delay.o(.bss.__PV_DELAY_DataStruct) for __PV_DELAY_DataStruct
    pv_delay.o(.ARM.exidx.text.PV_DELAY_GetTick) refers to pv_delay.o(.text.PV_DELAY_GetTick) for [Anonymous Symbol]
    pv_delay.o(.text.PV_DELAY_Ms) refers to pv_delay.o(.bss.__PV_DELAY_DataStruct) for __PV_DELAY_DataStruct
    pv_delay.o(.ARM.exidx.text.PV_DELAY_Ms) refers to pv_delay.o(.text.PV_DELAY_Ms) for [Anonymous Symbol]
    pv_delay.o(.text.PV_DELAY_IncTick) refers to pv_delay.o(.bss.__PV_DELAY_DataStruct) for __PV_DELAY_DataStruct
    pv_delay.o(.ARM.exidx.text.PV_DELAY_IncTick) refers to pv_delay.o(.text.PV_DELAY_IncTick) for [Anonymous Symbol]
    entry.o(.ARM.Collect$$$$00000000) refers (Special) to entry10a.o(.ARM.Collect$$$$0000000D) for __rt_final_cpp
    entry.o(.ARM.Collect$$$$00000000) refers (Special) to entry11a.o(.ARM.Collect$$$$0000000F) for __rt_final_exit
    entry.o(.ARM.Collect$$$$00000000) refers (Special) to entry7b.o(.ARM.Collect$$$$00000008) for _main_clock
    entry.o(.ARM.Collect$$$$00000000) refers (Special) to entry8b.o(.ARM.Collect$$$$0000000A) for _main_cpp_init
    entry.o(.ARM.Collect$$$$00000000) refers (Special) to entry9a.o(.ARM.Collect$$$$0000000B) for _main_init
    entry.o(.ARM.Collect$$$$00000000) refers (Special) to entry5.o(.ARM.Collect$$$$00000004) for _main_scatterload
    entry.o(.ARM.Collect$$$$00000000) refers (Special) to entry2.o(.ARM.Collect$$$$00000001) for _main_stk
    entry2.o(.ARM.Collect$$$$00000001) refers to entry2.o(.ARM.Collect$$$$00002712) for __lit__00000000
    entry2.o(.ARM.Collect$$$$00002712) refers to startup_py32f002ax5.o(STACK) for __initial_sp
    entry2.o(__vectab_stack_and_reset_area) refers to startup_py32f002ax5.o(STACK) for __initial_sp
    entry2.o(__vectab_stack_and_reset_area) refers to entry.o(.ARM.Collect$$$$00000000) for __main
    entry5.o(.ARM.Collect$$$$00000004) refers to init.o(.text) for __scatterload
    entry9a.o(.ARM.Collect$$$$0000000B) refers to system_py32f0xx.o(.text.$Sub$$main) for main
    entry9b.o(.ARM.Collect$$$$0000000C) refers to system_py32f0xx.o(.text.$Sub$$main) for main
    idiv_div0.o(.text) refers to uidiv_div0.o(.text) for __aeabi_uidivmod
    init.o(.text) refers to entry5.o(.ARM.Collect$$$$00000004) for __main_after_scatterload


==============================================================================

Removing Unused input sections from the image.

    Removing startup_py32f002ax5.o(HEAP), (0 bytes).
    Removing system_py32f0xx.o(.text), (0 bytes).
    Removing system_py32f0xx.o(.text.SystemCoreClockUpdate), (164 bytes).
    Removing system_py32f0xx.o(.ARM.exidx.text.SystemCoreClockUpdate), (8 bytes).
    Removing system_py32f0xx.o(.ARM.exidx.text.SystemInit), (8 bytes).
    Removing system_py32f0xx.o(.ARM.exidx.text.$Sub$$main), (8 bytes).
    Removing system_py32f0xx.o(.rodata.AHBPrescTable), (64 bytes).
    Removing system_py32f0xx.o(.rodata.APBPrescTable), (32 bytes).
    Removing system_py32f0xx.o(.rodata.HSIFreqTable), (32 bytes).
    Removing main.o(.text), (0 bytes).
    Removing main.o(.ARM.exidx.text.main), (8 bytes).
    Removing main.o(.ARM.exidx.text.LL_IOP_GRP1_EnableClock), (8 bytes).
    Removing main.o(.ARM.exidx.text.LL_GPIO_TogglePin), (8 bytes).
    Removing main.o(.text.APP_ErrorHandler), (4 bytes).
    Removing main.o(.ARM.exidx.text.APP_ErrorHandler), (8 bytes).
    Removing main.o(.ARM.exidx.text.assert_failed), (8 bytes).
    Removing main.o(.ARM.use_no_argv), (4 bytes).
    Removing py32f0xx_it.o(.text), (0 bytes).
    Removing py32f0xx_it.o(.ARM.exidx.text.NMI_Handler), (8 bytes).
    Removing py32f0xx_it.o(.ARM.exidx.text.HardFault_Handler), (8 bytes).
    Removing py32f0xx_it.o(.ARM.exidx.text.SVC_Handler), (8 bytes).
    Removing py32f0xx_it.o(.ARM.exidx.text.PendSV_Handler), (8 bytes).
    Removing py32f0xx_it.o(.ARM.exidx.text.SysTick_Handler), (8 bytes).
    Removing py32f0xx_ll_adc.o(.text), (0 bytes).
    Removing py32f0xx_ll_adc.o(.text.LL_ADC_CommonDeInit), (60 bytes).
    Removing py32f0xx_ll_adc.o(.ARM.exidx.text.LL_ADC_CommonDeInit), (8 bytes).
    Removing py32f0xx_ll_adc.o(.text.LL_APB1_GRP2_ForceReset), (24 bytes).
    Removing py32f0xx_ll_adc.o(.ARM.exidx.text.LL_APB1_GRP2_ForceReset), (8 bytes).
    Removing py32f0xx_ll_adc.o(.text.LL_APB1_GRP2_ReleaseReset), (24 bytes).
    Removing py32f0xx_ll_adc.o(.ARM.exidx.text.LL_APB1_GRP2_ReleaseReset), (8 bytes).
    Removing py32f0xx_ll_adc.o(.text.LL_ADC_DeInit), (368 bytes).
    Removing py32f0xx_ll_adc.o(.ARM.exidx.text.LL_ADC_DeInit), (8 bytes).
    Removing py32f0xx_ll_adc.o(.text.LL_ADC_IsEnabled), (16 bytes).
    Removing py32f0xx_ll_adc.o(.ARM.exidx.text.LL_ADC_IsEnabled), (8 bytes).
    Removing py32f0xx_ll_adc.o(.text.LL_ADC_REG_SetTriggerSource), (28 bytes).
    Removing py32f0xx_ll_adc.o(.ARM.exidx.text.LL_ADC_REG_SetTriggerSource), (8 bytes).
    Removing py32f0xx_ll_adc.o(.text.LL_ADC_REG_IsConversionOngoing), (18 bytes).
    Removing py32f0xx_ll_adc.o(.ARM.exidx.text.LL_ADC_REG_IsConversionOngoing), (8 bytes).
    Removing py32f0xx_ll_adc.o(.text.LL_ADC_REG_IsStopConversionOngoing), (18 bytes).
    Removing py32f0xx_ll_adc.o(.ARM.exidx.text.LL_ADC_REG_IsStopConversionOngoing), (8 bytes).
    Removing py32f0xx_ll_adc.o(.text.LL_ADC_REG_StopConversion), (28 bytes).
    Removing py32f0xx_ll_adc.o(.ARM.exidx.text.LL_ADC_REG_StopConversion), (8 bytes).
    Removing py32f0xx_ll_adc.o(.text.LL_ADC_REG_StartConversion), (28 bytes).
    Removing py32f0xx_ll_adc.o(.ARM.exidx.text.LL_ADC_REG_StartConversion), (8 bytes).
    Removing py32f0xx_ll_adc.o(.text.LL_ADC_Init), (460 bytes).
    Removing py32f0xx_ll_adc.o(.ARM.exidx.text.LL_ADC_Init), (8 bytes).
    Removing py32f0xx_ll_adc.o(.text.LL_ADC_StructInit), (30 bytes).
    Removing py32f0xx_ll_adc.o(.ARM.exidx.text.LL_ADC_StructInit), (8 bytes).
    Removing py32f0xx_ll_adc.o(.text.LL_ADC_REG_Init), (292 bytes).
    Removing py32f0xx_ll_adc.o(.ARM.exidx.text.LL_ADC_REG_Init), (8 bytes).
    Removing py32f0xx_ll_adc.o(.text.LL_ADC_REG_StructInit), (30 bytes).
    Removing py32f0xx_ll_adc.o(.ARM.exidx.text.LL_ADC_REG_StructInit), (8 bytes).
    Removing py32f0xx_ll_adc.o(.rodata.str1.1), (53 bytes).
    Removing py32f0xx_ll_comp.o(.text), (0 bytes).
    Removing py32f0xx_ll_comp.o(.text.LL_COMP_DeInit), (96 bytes).
    Removing py32f0xx_ll_comp.o(.ARM.exidx.text.LL_COMP_DeInit), (8 bytes).
    Removing py32f0xx_ll_comp.o(.text.LL_COMP_IsLocked), (20 bytes).
    Removing py32f0xx_ll_comp.o(.ARM.exidx.text.LL_COMP_IsLocked), (8 bytes).
    Removing py32f0xx_ll_comp.o(.text.LL_COMP_Init), (504 bytes).
    Removing py32f0xx_ll_comp.o(.ARM.exidx.text.LL_COMP_Init), (8 bytes).
    Removing py32f0xx_ll_comp.o(.text.LL_COMP_StructInit), (40 bytes).
    Removing py32f0xx_ll_comp.o(.ARM.exidx.text.LL_COMP_StructInit), (8 bytes).
    Removing py32f0xx_ll_comp.o(.rodata.str1.1), (54 bytes).
    Removing py32f0xx_ll_crc.o(.text), (0 bytes).
    Removing py32f0xx_ll_crc.o(.text.LL_CRC_DeInit), (84 bytes).
    Removing py32f0xx_ll_crc.o(.ARM.exidx.text.LL_CRC_DeInit), (8 bytes).
    Removing py32f0xx_ll_crc.o(.text.LL_CRC_ResetCRCCalculationUnit), (18 bytes).
    Removing py32f0xx_ll_crc.o(.ARM.exidx.text.LL_CRC_ResetCRCCalculationUnit), (8 bytes).
    Removing py32f0xx_ll_crc.o(.text.LL_CRC_Write_IDR), (16 bytes).
    Removing py32f0xx_ll_crc.o(.ARM.exidx.text.LL_CRC_Write_IDR), (8 bytes).
    Removing py32f0xx_ll_crc.o(.rodata.str1.1), (53 bytes).
    Removing py32f0xx_ll_dma.o(.text), (0 bytes).
    Removing py32f0xx_ll_exti.o(.text), (0 bytes).
    Removing py32f0xx_ll_exti.o(.text.LL_EXTI_DeInit), (64 bytes).
    Removing py32f0xx_ll_exti.o(.ARM.exidx.text.LL_EXTI_DeInit), (8 bytes).
    Removing py32f0xx_ll_exti.o(.text.LL_EXTI_Init), (656 bytes).
    Removing py32f0xx_ll_exti.o(.ARM.exidx.text.LL_EXTI_Init), (8 bytes).
    Removing py32f0xx_ll_exti.o(.text.LL_EXTI_DisableEvent), (24 bytes).
    Removing py32f0xx_ll_exti.o(.ARM.exidx.text.LL_EXTI_DisableEvent), (8 bytes).
    Removing py32f0xx_ll_exti.o(.text.LL_EXTI_EnableIT), (24 bytes).
    Removing py32f0xx_ll_exti.o(.ARM.exidx.text.LL_EXTI_EnableIT), (8 bytes).
    Removing py32f0xx_ll_exti.o(.text.LL_EXTI_DisableIT), (24 bytes).
    Removing py32f0xx_ll_exti.o(.ARM.exidx.text.LL_EXTI_DisableIT), (8 bytes).
    Removing py32f0xx_ll_exti.o(.text.LL_EXTI_EnableEvent), (24 bytes).
    Removing py32f0xx_ll_exti.o(.ARM.exidx.text.LL_EXTI_EnableEvent), (8 bytes).
    Removing py32f0xx_ll_exti.o(.text.LL_EXTI_DisableFallingTrig), (24 bytes).
    Removing py32f0xx_ll_exti.o(.ARM.exidx.text.LL_EXTI_DisableFallingTrig), (8 bytes).
    Removing py32f0xx_ll_exti.o(.text.LL_EXTI_EnableRisingTrig), (24 bytes).
    Removing py32f0xx_ll_exti.o(.ARM.exidx.text.LL_EXTI_EnableRisingTrig), (8 bytes).
    Removing py32f0xx_ll_exti.o(.text.LL_EXTI_DisableRisingTrig), (24 bytes).
    Removing py32f0xx_ll_exti.o(.ARM.exidx.text.LL_EXTI_DisableRisingTrig), (8 bytes).
    Removing py32f0xx_ll_exti.o(.text.LL_EXTI_EnableFallingTrig), (24 bytes).
    Removing py32f0xx_ll_exti.o(.ARM.exidx.text.LL_EXTI_EnableFallingTrig), (8 bytes).
    Removing py32f0xx_ll_exti.o(.text.LL_EXTI_StructInit), (28 bytes).
    Removing py32f0xx_ll_exti.o(.ARM.exidx.text.LL_EXTI_StructInit), (8 bytes).
    Removing py32f0xx_ll_exti.o(.rodata.str1.1), (54 bytes).
    Removing py32f0xx_ll_gpio.o(.text), (0 bytes).
    Removing py32f0xx_ll_gpio.o(.text.LL_GPIO_DeInit), (168 bytes).
    Removing py32f0xx_ll_gpio.o(.ARM.exidx.text.LL_GPIO_DeInit), (8 bytes).
    Removing py32f0xx_ll_gpio.o(.text.LL_IOP_GRP1_ForceReset), (24 bytes).
    Removing py32f0xx_ll_gpio.o(.ARM.exidx.text.LL_IOP_GRP1_ForceReset), (8 bytes).
    Removing py32f0xx_ll_gpio.o(.text.LL_IOP_GRP1_ReleaseReset), (24 bytes).
    Removing py32f0xx_ll_gpio.o(.ARM.exidx.text.LL_IOP_GRP1_ReleaseReset), (8 bytes).
    Removing py32f0xx_ll_gpio.o(.ARM.exidx.text.LL_GPIO_Init), (8 bytes).
    Removing py32f0xx_ll_gpio.o(.ARM.exidx.text.LL_GPIO_SetPinMode), (8 bytes).
    Removing py32f0xx_ll_gpio.o(.ARM.exidx.text.LL_GPIO_SetPinSpeed), (8 bytes).
    Removing py32f0xx_ll_gpio.o(.ARM.exidx.text.LL_GPIO_SetPinPull), (8 bytes).
    Removing py32f0xx_ll_gpio.o(.ARM.exidx.text.LL_GPIO_SetAFPin_0_7), (8 bytes).
    Removing py32f0xx_ll_gpio.o(.ARM.exidx.text.LL_GPIO_SetAFPin_8_15), (8 bytes).
    Removing py32f0xx_ll_gpio.o(.ARM.exidx.text.LL_GPIO_SetPinOutputType), (8 bytes).
    Removing py32f0xx_ll_gpio.o(.text.LL_GPIO_StructInit), (44 bytes).
    Removing py32f0xx_ll_gpio.o(.ARM.exidx.text.LL_GPIO_StructInit), (8 bytes).
    Removing py32f0xx_ll_i2c.o(.text), (0 bytes).
    Removing py32f0xx_ll_i2c.o(.text.LL_I2C_DeInit), (88 bytes).
    Removing py32f0xx_ll_i2c.o(.ARM.exidx.text.LL_I2C_DeInit), (8 bytes).
    Removing py32f0xx_ll_i2c.o(.text.LL_APB1_GRP1_ForceReset), (24 bytes).
    Removing py32f0xx_ll_i2c.o(.ARM.exidx.text.LL_APB1_GRP1_ForceReset), (8 bytes).
    Removing py32f0xx_ll_i2c.o(.text.LL_APB1_GRP1_ReleaseReset), (24 bytes).
    Removing py32f0xx_ll_i2c.o(.ARM.exidx.text.LL_APB1_GRP1_ReleaseReset), (8 bytes).
    Removing py32f0xx_ll_i2c.o(.text.LL_I2C_Init), (232 bytes).
    Removing py32f0xx_ll_i2c.o(.ARM.exidx.text.LL_I2C_Init), (8 bytes).
    Removing py32f0xx_ll_i2c.o(.text.LL_I2C_Disable), (18 bytes).
    Removing py32f0xx_ll_i2c.o(.ARM.exidx.text.LL_I2C_Disable), (8 bytes).
    Removing py32f0xx_ll_i2c.o(.text.LL_I2C_ConfigSpeed), (320 bytes).
    Removing py32f0xx_ll_i2c.o(.ARM.exidx.text.LL_I2C_ConfigSpeed), (8 bytes).
    Removing py32f0xx_ll_i2c.o(.text.LL_I2C_SetOwnAddress1), (28 bytes).
    Removing py32f0xx_ll_i2c.o(.ARM.exidx.text.LL_I2C_SetOwnAddress1), (8 bytes).
    Removing py32f0xx_ll_i2c.o(.text.LL_I2C_Enable), (18 bytes).
    Removing py32f0xx_ll_i2c.o(.ARM.exidx.text.LL_I2C_Enable), (8 bytes).
    Removing py32f0xx_ll_i2c.o(.text.LL_I2C_AcknowledgeNextData), (28 bytes).
    Removing py32f0xx_ll_i2c.o(.ARM.exidx.text.LL_I2C_AcknowledgeNextData), (8 bytes).
    Removing py32f0xx_ll_i2c.o(.text.LL_I2C_StructInit), (32 bytes).
    Removing py32f0xx_ll_i2c.o(.ARM.exidx.text.LL_I2C_StructInit), (8 bytes).
    Removing py32f0xx_ll_i2c.o(.rodata.str1.1), (53 bytes).
    Removing py32f0xx_ll_led.o(.text), (0 bytes).
    Removing py32f0xx_ll_lptim.o(.text), (0 bytes).
    Removing py32f0xx_ll_lptim.o(.text.LL_LPTIM_DeInit), (88 bytes).
    Removing py32f0xx_ll_lptim.o(.ARM.exidx.text.LL_LPTIM_DeInit), (8 bytes).
    Removing py32f0xx_ll_lptim.o(.text.LL_APB1_GRP1_ForceReset), (24 bytes).
    Removing py32f0xx_ll_lptim.o(.ARM.exidx.text.LL_APB1_GRP1_ForceReset), (8 bytes).
    Removing py32f0xx_ll_lptim.o(.text.LL_APB1_GRP1_ReleaseReset), (24 bytes).
    Removing py32f0xx_ll_lptim.o(.ARM.exidx.text.LL_APB1_GRP1_ReleaseReset), (8 bytes).
    Removing py32f0xx_ll_lptim.o(.text.LL_LPTIM_StructInit), (18 bytes).
    Removing py32f0xx_ll_lptim.o(.ARM.exidx.text.LL_LPTIM_StructInit), (8 bytes).
    Removing py32f0xx_ll_lptim.o(.text.LL_LPTIM_Init), (256 bytes).
    Removing py32f0xx_ll_lptim.o(.ARM.exidx.text.LL_LPTIM_Init), (8 bytes).
    Removing py32f0xx_ll_lptim.o(.text.LL_LPTIM_IsEnabled), (16 bytes).
    Removing py32f0xx_ll_lptim.o(.ARM.exidx.text.LL_LPTIM_IsEnabled), (8 bytes).
    Removing py32f0xx_ll_lptim.o(.rodata.str1.1), (55 bytes).
    Removing py32f0xx_ll_pwr.o(.text), (0 bytes).
    Removing py32f0xx_ll_pwr.o(.text.LL_PWR_DeInit), (28 bytes).
    Removing py32f0xx_ll_pwr.o(.ARM.exidx.text.LL_PWR_DeInit), (8 bytes).
    Removing py32f0xx_ll_pwr.o(.text.LL_APB1_GRP1_ForceReset), (24 bytes).
    Removing py32f0xx_ll_pwr.o(.ARM.exidx.text.LL_APB1_GRP1_ForceReset), (8 bytes).
    Removing py32f0xx_ll_pwr.o(.text.LL_APB1_GRP1_ReleaseReset), (24 bytes).
    Removing py32f0xx_ll_pwr.o(.ARM.exidx.text.LL_APB1_GRP1_ReleaseReset), (8 bytes).
    Removing py32f0xx_ll_rcc.o(.text), (0 bytes).
    Removing py32f0xx_ll_rcc.o(.text.LL_RCC_DeInit), (128 bytes).
    Removing py32f0xx_ll_rcc.o(.ARM.exidx.text.LL_RCC_DeInit), (8 bytes).
    Removing py32f0xx_ll_rcc.o(.text.LL_RCC_HSI_Enable), (20 bytes).
    Removing py32f0xx_ll_rcc.o(.ARM.exidx.text.LL_RCC_HSI_Enable), (8 bytes).
    Removing py32f0xx_ll_rcc.o(.text.LL_RCC_HSI_IsReady), (20 bytes).
    Removing py32f0xx_ll_rcc.o(.ARM.exidx.text.LL_RCC_HSI_IsReady), (8 bytes).
    Removing py32f0xx_ll_rcc.o(.text.LL_RCC_HSI_SetCalibFreq), (32 bytes).
    Removing py32f0xx_ll_rcc.o(.ARM.exidx.text.LL_RCC_HSI_SetCalibFreq), (8 bytes).
    Removing py32f0xx_ll_rcc.o(.text.LL_RCC_GetSysClkSource), (16 bytes).
    Removing py32f0xx_ll_rcc.o(.ARM.exidx.text.LL_RCC_GetSysClkSource), (8 bytes).
    Removing py32f0xx_ll_rcc.o(.text.LL_RCC_HSE_IsReady), (20 bytes).
    Removing py32f0xx_ll_rcc.o(.ARM.exidx.text.LL_RCC_HSE_IsReady), (8 bytes).
    Removing py32f0xx_ll_rcc.o(.text.LL_RCC_GetSystemClocksFreq), (42 bytes).
    Removing py32f0xx_ll_rcc.o(.ARM.exidx.text.LL_RCC_GetSystemClocksFreq), (8 bytes).
    Removing py32f0xx_ll_rcc.o(.text.RCC_GetSystemClockFreq), (104 bytes).
    Removing py32f0xx_ll_rcc.o(.ARM.exidx.text.RCC_GetSystemClockFreq), (8 bytes).
    Removing py32f0xx_ll_rcc.o(.text.RCC_GetHCLKClockFreq), (44 bytes).
    Removing py32f0xx_ll_rcc.o(.ARM.exidx.text.RCC_GetHCLKClockFreq), (8 bytes).
    Removing py32f0xx_ll_rcc.o(.text.RCC_GetPCLK1ClockFreq), (40 bytes).
    Removing py32f0xx_ll_rcc.o(.ARM.exidx.text.RCC_GetPCLK1ClockFreq), (8 bytes).
    Removing py32f0xx_ll_rcc.o(.text.LL_RCC_GetMCOClockFreq), (212 bytes).
    Removing py32f0xx_ll_rcc.o(.ARM.exidx.text.LL_RCC_GetMCOClockFreq), (8 bytes).
    Removing py32f0xx_ll_rcc.o(.text.LL_RCC_GetMCOClockSource), (20 bytes).
    Removing py32f0xx_ll_rcc.o(.ARM.exidx.text.LL_RCC_GetMCOClockSource), (8 bytes).
    Removing py32f0xx_ll_rcc.o(.text.LL_RCC_HSI_GetFreq), (28 bytes).
    Removing py32f0xx_ll_rcc.o(.ARM.exidx.text.LL_RCC_HSI_GetFreq), (8 bytes).
    Removing py32f0xx_ll_rcc.o(.text.LL_RCC_LSI_IsReady), (16 bytes).
    Removing py32f0xx_ll_rcc.o(.ARM.exidx.text.LL_RCC_LSI_IsReady), (8 bytes).
    Removing py32f0xx_ll_rcc.o(.text.LL_RCC_GetMCODiv), (24 bytes).
    Removing py32f0xx_ll_rcc.o(.ARM.exidx.text.LL_RCC_GetMCODiv), (8 bytes).
    Removing py32f0xx_ll_rcc.o(.text.LL_RCC_GetLSCClockFreq), (6 bytes).
    Removing py32f0xx_ll_rcc.o(.ARM.exidx.text.LL_RCC_GetLSCClockFreq), (8 bytes).
    Removing py32f0xx_ll_rcc.o(.text.LL_RCC_GetCOMPClockFreq), (192 bytes).
    Removing py32f0xx_ll_rcc.o(.ARM.exidx.text.LL_RCC_GetCOMPClockFreq), (8 bytes).
    Removing py32f0xx_ll_rcc.o(.text.LL_RCC_GetCOMPClockSource), (24 bytes).
    Removing py32f0xx_ll_rcc.o(.ARM.exidx.text.LL_RCC_GetCOMPClockSource), (8 bytes).
    Removing py32f0xx_ll_rcc.o(.text.LL_RCC_GetLPTIMClockFreq), (156 bytes).
    Removing py32f0xx_ll_rcc.o(.ARM.exidx.text.LL_RCC_GetLPTIMClockFreq), (8 bytes).
    Removing py32f0xx_ll_rcc.o(.text.LL_RCC_GetLPTIMClockSource), (24 bytes).
    Removing py32f0xx_ll_rcc.o(.ARM.exidx.text.LL_RCC_GetLPTIMClockSource), (8 bytes).
    Removing py32f0xx_ll_rcc.o(.text.LL_RCC_GetHSIDiv), (16 bytes).
    Removing py32f0xx_ll_rcc.o(.ARM.exidx.text.LL_RCC_GetHSIDiv), (8 bytes).
    Removing py32f0xx_ll_rcc.o(.text.LL_RCC_GetAHBPrescaler), (16 bytes).
    Removing py32f0xx_ll_rcc.o(.ARM.exidx.text.LL_RCC_GetAHBPrescaler), (8 bytes).
    Removing py32f0xx_ll_rcc.o(.text.LL_RCC_GetAPB1Prescaler), (16 bytes).
    Removing py32f0xx_ll_rcc.o(.ARM.exidx.text.LL_RCC_GetAPB1Prescaler), (8 bytes).
    Removing py32f0xx_ll_rcc.o(.rodata.str1.1), (53 bytes).
    Removing py32f0xx_ll_rtc.o(.text), (0 bytes).
    Removing py32f0xx_ll_spi.o(.text), (0 bytes).
    Removing py32f0xx_ll_spi.o(.text.LL_SPI_DeInit), (88 bytes).
    Removing py32f0xx_ll_spi.o(.ARM.exidx.text.LL_SPI_DeInit), (8 bytes).
    Removing py32f0xx_ll_spi.o(.text.LL_APB1_GRP2_ForceReset), (24 bytes).
    Removing py32f0xx_ll_spi.o(.ARM.exidx.text.LL_APB1_GRP2_ForceReset), (8 bytes).
    Removing py32f0xx_ll_spi.o(.text.LL_APB1_GRP2_ReleaseReset), (24 bytes).
    Removing py32f0xx_ll_spi.o(.ARM.exidx.text.LL_APB1_GRP2_ReleaseReset), (8 bytes).
    Removing py32f0xx_ll_spi.o(.text.LL_SPI_Init), (600 bytes).
    Removing py32f0xx_ll_spi.o(.ARM.exidx.text.LL_SPI_Init), (8 bytes).
    Removing py32f0xx_ll_spi.o(.text.LL_SPI_IsEnabled), (18 bytes).
    Removing py32f0xx_ll_spi.o(.ARM.exidx.text.LL_SPI_IsEnabled), (8 bytes).
    Removing py32f0xx_ll_spi.o(.text.LL_SPI_SetRxFIFOThreshold), (28 bytes).
    Removing py32f0xx_ll_spi.o(.ARM.exidx.text.LL_SPI_SetRxFIFOThreshold), (8 bytes).
    Removing py32f0xx_ll_spi.o(.text.LL_SPI_StructInit), (46 bytes).
    Removing py32f0xx_ll_spi.o(.ARM.exidx.text.LL_SPI_StructInit), (8 bytes).
    Removing py32f0xx_ll_spi.o(.rodata.str1.1), (53 bytes).
    Removing py32f0xx_ll_tim.o(.text), (0 bytes).
    Removing py32f0xx_ll_tim.o(.text.LL_TIM_DeInit), (132 bytes).
    Removing py32f0xx_ll_tim.o(.ARM.exidx.text.LL_TIM_DeInit), (8 bytes).
    Removing py32f0xx_ll_tim.o(.text.LL_APB1_GRP2_ForceReset), (24 bytes).
    Removing py32f0xx_ll_tim.o(.ARM.exidx.text.LL_APB1_GRP2_ForceReset), (8 bytes).
    Removing py32f0xx_ll_tim.o(.text.LL_APB1_GRP2_ReleaseReset), (24 bytes).
    Removing py32f0xx_ll_tim.o(.ARM.exidx.text.LL_APB1_GRP2_ReleaseReset), (8 bytes).
    Removing py32f0xx_ll_tim.o(.text.LL_TIM_StructInit), (32 bytes).
    Removing py32f0xx_ll_tim.o(.ARM.exidx.text.LL_TIM_StructInit), (8 bytes).
    Removing py32f0xx_ll_tim.o(.text.LL_TIM_Init), (312 bytes).
    Removing py32f0xx_ll_tim.o(.ARM.exidx.text.LL_TIM_Init), (8 bytes).
    Removing py32f0xx_ll_tim.o(.text.LL_TIM_SetAutoReload), (16 bytes).
    Removing py32f0xx_ll_tim.o(.ARM.exidx.text.LL_TIM_SetAutoReload), (8 bytes).
    Removing py32f0xx_ll_tim.o(.text.LL_TIM_SetPrescaler), (16 bytes).
    Removing py32f0xx_ll_tim.o(.ARM.exidx.text.LL_TIM_SetPrescaler), (8 bytes).
    Removing py32f0xx_ll_tim.o(.text.LL_TIM_SetRepetitionCounter), (16 bytes).
    Removing py32f0xx_ll_tim.o(.ARM.exidx.text.LL_TIM_SetRepetitionCounter), (8 bytes).
    Removing py32f0xx_ll_tim.o(.text.LL_TIM_GenerateEvent_UPDATE), (18 bytes).
    Removing py32f0xx_ll_tim.o(.ARM.exidx.text.LL_TIM_GenerateEvent_UPDATE), (8 bytes).
    Removing py32f0xx_ll_tim.o(.text.LL_TIM_OC_StructInit), (42 bytes).
    Removing py32f0xx_ll_tim.o(.ARM.exidx.text.LL_TIM_OC_StructInit), (8 bytes).
    Removing py32f0xx_ll_tim.o(.text.LL_TIM_OC_Init), (124 bytes).
    Removing py32f0xx_ll_tim.o(.ARM.exidx.text.LL_TIM_OC_Init), (8 bytes).
    Removing py32f0xx_ll_tim.o(.text.OC1Config), (568 bytes).
    Removing py32f0xx_ll_tim.o(.ARM.exidx.text.OC1Config), (8 bytes).
    Removing py32f0xx_ll_tim.o(.text.OC2Config), (572 bytes).
    Removing py32f0xx_ll_tim.o(.ARM.exidx.text.OC2Config), (8 bytes).
    Removing py32f0xx_ll_tim.o(.text.OC3Config), (572 bytes).
    Removing py32f0xx_ll_tim.o(.ARM.exidx.text.OC3Config), (8 bytes).
    Removing py32f0xx_ll_tim.o(.text.OC4Config), (528 bytes).
    Removing py32f0xx_ll_tim.o(.ARM.exidx.text.OC4Config), (8 bytes).
    Removing py32f0xx_ll_tim.o(.text.LL_TIM_IC_StructInit), (30 bytes).
    Removing py32f0xx_ll_tim.o(.ARM.exidx.text.LL_TIM_IC_StructInit), (8 bytes).
    Removing py32f0xx_ll_tim.o(.text.LL_TIM_IC_Init), (124 bytes).
    Removing py32f0xx_ll_tim.o(.ARM.exidx.text.LL_TIM_IC_Init), (8 bytes).
    Removing py32f0xx_ll_tim.o(.text.IC1Config), (516 bytes).
    Removing py32f0xx_ll_tim.o(.ARM.exidx.text.IC1Config), (8 bytes).
    Removing py32f0xx_ll_tim.o(.text.IC2Config), (508 bytes).
    Removing py32f0xx_ll_tim.o(.ARM.exidx.text.IC2Config), (8 bytes).
    Removing py32f0xx_ll_tim.o(.text.IC3Config), (508 bytes).
    Removing py32f0xx_ll_tim.o(.ARM.exidx.text.IC3Config), (8 bytes).
    Removing py32f0xx_ll_tim.o(.text.IC4Config), (512 bytes).
    Removing py32f0xx_ll_tim.o(.ARM.exidx.text.IC4Config), (8 bytes).
    Removing py32f0xx_ll_tim.o(.text.LL_TIM_ENCODER_StructInit), (50 bytes).
    Removing py32f0xx_ll_tim.o(.ARM.exidx.text.LL_TIM_ENCODER_StructInit), (8 bytes).
    Removing py32f0xx_ll_tim.o(.text.LL_TIM_ENCODER_Init), (1048 bytes).
    Removing py32f0xx_ll_tim.o(.ARM.exidx.text.LL_TIM_ENCODER_Init), (8 bytes).
    Removing py32f0xx_ll_tim.o(.text.LL_TIM_SetEncoderMode), (26 bytes).
    Removing py32f0xx_ll_tim.o(.ARM.exidx.text.LL_TIM_SetEncoderMode), (8 bytes).
    Removing py32f0xx_ll_tim.o(.text.LL_TIM_HALLSENSOR_StructInit), (26 bytes).
    Removing py32f0xx_ll_tim.o(.ARM.exidx.text.LL_TIM_HALLSENSOR_StructInit), (8 bytes).
    Removing py32f0xx_ll_tim.o(.text.LL_TIM_HALLSENSOR_Init), (576 bytes).
    Removing py32f0xx_ll_tim.o(.ARM.exidx.text.LL_TIM_HALLSENSOR_Init), (8 bytes).
    Removing py32f0xx_ll_tim.o(.text.LL_TIM_OC_SetCompareCH2), (16 bytes).
    Removing py32f0xx_ll_tim.o(.ARM.exidx.text.LL_TIM_OC_SetCompareCH2), (8 bytes).
    Removing py32f0xx_ll_tim.o(.text.LL_TIM_BDTR_StructInit), (38 bytes).
    Removing py32f0xx_ll_tim.o(.ARM.exidx.text.LL_TIM_BDTR_StructInit), (8 bytes).
    Removing py32f0xx_ll_tim.o(.text.LL_TIM_BDTR_Init), (444 bytes).
    Removing py32f0xx_ll_tim.o(.ARM.exidx.text.LL_TIM_BDTR_Init), (8 bytes).
    Removing py32f0xx_ll_tim.o(.text.LL_TIM_OC_SetCompareCH1), (16 bytes).
    Removing py32f0xx_ll_tim.o(.ARM.exidx.text.LL_TIM_OC_SetCompareCH1), (8 bytes).
    Removing py32f0xx_ll_tim.o(.text.LL_TIM_OC_SetCompareCH3), (16 bytes).
    Removing py32f0xx_ll_tim.o(.ARM.exidx.text.LL_TIM_OC_SetCompareCH3), (8 bytes).
    Removing py32f0xx_ll_tim.o(.text.LL_TIM_OC_SetCompareCH4), (16 bytes).
    Removing py32f0xx_ll_tim.o(.ARM.exidx.text.LL_TIM_OC_SetCompareCH4), (8 bytes).
    Removing py32f0xx_ll_tim.o(.rodata.str1.1), (53 bytes).
    Removing py32f0xx_ll_usart.o(.text), (0 bytes).
    Removing py32f0xx_ll_usart.o(.text.LL_USART_DeInit), (88 bytes).
    Removing py32f0xx_ll_usart.o(.ARM.exidx.text.LL_USART_DeInit), (8 bytes).
    Removing py32f0xx_ll_usart.o(.text.LL_APB1_GRP2_ForceReset), (24 bytes).
    Removing py32f0xx_ll_usart.o(.ARM.exidx.text.LL_APB1_GRP2_ForceReset), (8 bytes).
    Removing py32f0xx_ll_usart.o(.text.LL_APB1_GRP2_ReleaseReset), (24 bytes).
    Removing py32f0xx_ll_usart.o(.ARM.exidx.text.LL_APB1_GRP2_ReleaseReset), (8 bytes).
    Removing py32f0xx_ll_usart.o(.text.LL_USART_Init), (540 bytes).
    Removing py32f0xx_ll_usart.o(.ARM.exidx.text.LL_USART_Init), (8 bytes).
    Removing py32f0xx_ll_usart.o(.text.LL_USART_IsEnabled), (20 bytes).
    Removing py32f0xx_ll_usart.o(.ARM.exidx.text.LL_USART_IsEnabled), (8 bytes).
    Removing py32f0xx_ll_usart.o(.text.LL_USART_SetStopBitsLength), (28 bytes).
    Removing py32f0xx_ll_usart.o(.ARM.exidx.text.LL_USART_SetStopBitsLength), (8 bytes).
    Removing py32f0xx_ll_usart.o(.text.LL_USART_SetHWFlowCtrl), (28 bytes).
    Removing py32f0xx_ll_usart.o(.ARM.exidx.text.LL_USART_SetHWFlowCtrl), (8 bytes).
    Removing py32f0xx_ll_usart.o(.text.LL_USART_SetBaudRate), (178 bytes).
    Removing py32f0xx_ll_usart.o(.ARM.exidx.text.LL_USART_SetBaudRate), (8 bytes).
    Removing py32f0xx_ll_usart.o(.text.LL_USART_StructInit), (44 bytes).
    Removing py32f0xx_ll_usart.o(.ARM.exidx.text.LL_USART_StructInit), (8 bytes).
    Removing py32f0xx_ll_usart.o(.text.LL_USART_ClockInit), (308 bytes).
    Removing py32f0xx_ll_usart.o(.ARM.exidx.text.LL_USART_ClockInit), (8 bytes).
    Removing py32f0xx_ll_usart.o(.text.LL_USART_DisableSCLKOutput), (20 bytes).
    Removing py32f0xx_ll_usart.o(.ARM.exidx.text.LL_USART_DisableSCLKOutput), (8 bytes).
    Removing py32f0xx_ll_usart.o(.text.LL_USART_ClockStructInit), (26 bytes).
    Removing py32f0xx_ll_usart.o(.ARM.exidx.text.LL_USART_ClockStructInit), (8 bytes).
    Removing py32f0xx_ll_usart.o(.rodata.str1.1), (55 bytes).
    Removing py32f0xx_ll_utils.o(.text), (0 bytes).
    Removing py32f0xx_ll_utils.o(.text.LL_Init1msTick), (20 bytes).
    Removing py32f0xx_ll_utils.o(.ARM.exidx.text.LL_Init1msTick), (8 bytes).
    Removing py32f0xx_ll_utils.o(.text.LL_InitTick), (52 bytes).
    Removing py32f0xx_ll_utils.o(.ARM.exidx.text.LL_InitTick), (8 bytes).
    Removing py32f0xx_ll_utils.o(.text.LL_mDelay), (76 bytes).
    Removing py32f0xx_ll_utils.o(.ARM.exidx.text.LL_mDelay), (8 bytes).
    Removing py32f0xx_ll_utils.o(.ARM.exidx.text.LL_SetSystemCoreClock), (8 bytes).
    Removing py32f0xx_ll_utils.o(.text.LL_SetFlashLatency), (160 bytes).
    Removing py32f0xx_ll_utils.o(.ARM.exidx.text.LL_SetFlashLatency), (8 bytes).
    Removing py32f0xx_ll_utils.o(.text.LL_FLASH_SetLatency), (28 bytes).
    Removing py32f0xx_ll_utils.o(.ARM.exidx.text.LL_FLASH_SetLatency), (8 bytes).
    Removing py32f0xx_ll_utils.o(.text.LL_FLASH_GetLatency), (16 bytes).
    Removing py32f0xx_ll_utils.o(.ARM.exidx.text.LL_FLASH_GetLatency), (8 bytes).
    Removing pv_startup.o(.text), (0 bytes).
    Removing pv_startup.o(.ARM.exidx.text.PV_STARTUP_Init), (8 bytes).
    Removing pv_startup.o(.ARM.exidx.text.LL_APB1_GRP1_EnableClock), (8 bytes).
    Removing pv_startup.o(.ARM.exidx.text.LL_APB1_GRP2_EnableClock), (8 bytes).
    Removing pv_startup.o(.ARM.exidx.text.LL_RCC_HSI_Enable), (8 bytes).
    Removing pv_startup.o(.ARM.exidx.text.LL_RCC_HSI_IsReady), (8 bytes).
    Removing pv_startup.o(.ARM.exidx.text.LL_RCC_HSI_SetCalibFreq), (8 bytes).
    Removing pv_startup.o(.ARM.exidx.text.LL_RCC_SetAHBPrescaler), (8 bytes).
    Removing pv_startup.o(.ARM.exidx.text.LL_RCC_SetSysClkSource), (8 bytes).
    Removing pv_startup.o(.ARM.exidx.text.LL_RCC_GetSysClkSource), (8 bytes).
    Removing pv_startup.o(.ARM.exidx.text.LL_RCC_SetAPB1Prescaler), (8 bytes).
    Removing pv_startup.o(.ARM.exidx.text.SysTick_Config), (8 bytes).
    Removing pv_startup.o(.ARM.exidx.text.NVIC_SetPriority), (8 bytes).
    Removing pv_delay.o(.text), (0 bytes).
    Removing pv_delay.o(.ARM.exidx.text.PV_DELAY_Init), (8 bytes).
    Removing pv_delay.o(.text.PV_DELAY_GetTick), (12 bytes).
    Removing pv_delay.o(.ARM.exidx.text.PV_DELAY_GetTick), (8 bytes).
    Removing pv_delay.o(.ARM.exidx.text.PV_DELAY_Ms), (8 bytes).
    Removing pv_delay.o(.ARM.exidx.text.PV_DELAY_IncTick), (8 bytes).

346 unused section(s) (total 18130 bytes) removed from the image.

==============================================================================

Image Symbol Table

    Local Symbols

    Symbol Name                              Value     Ov Type        Size  Object(Section)

    ../Drivers/CMSIS/Device/PY32F0xx/Source/arm/startup_py32f002ax5.s 0x00000000   Number         0  startup_py32f002ax5.o ABSOLUTE
    ../clib/division.s                       0x00000000   Number         0  aeabi_sdiv.o ABSOLUTE
    ../clib/division.s                       0x00000000   Number         0  aeabi_sdiv_div0.o ABSOLUTE
    ../clib/microlib/division.c              0x00000000   Number         0  uidiv.o ABSOLUTE
    ../clib/microlib/division.c              0x00000000   Number         0  uidiv_div0.o ABSOLUTE
    ../clib/microlib/division.c              0x00000000   Number         0  idiv_div0.o ABSOLUTE
    ../clib/microlib/division.c              0x00000000   Number         0  idiv0.o ABSOLUTE
    ../clib/microlib/init/entry.s            0x00000000   Number         0  entry.o ABSOLUTE
    ../clib/microlib/init/entry.s            0x00000000   Number         0  entry2.o ABSOLUTE
    ../clib/microlib/init/entry.s            0x00000000   Number         0  entry5.o ABSOLUTE
    ../clib/microlib/init/entry.s            0x00000000   Number         0  entry7a.o ABSOLUTE
    ../clib/microlib/init/entry.s            0x00000000   Number         0  entry7b.o ABSOLUTE
    ../clib/microlib/init/entry.s            0x00000000   Number         0  entry8a.o ABSOLUTE
    ../clib/microlib/init/entry.s            0x00000000   Number         0  entry8b.o ABSOLUTE
    ../clib/microlib/init/entry.s            0x00000000   Number         0  entry9a.o ABSOLUTE
    ../clib/microlib/init/entry.s            0x00000000   Number         0  entry9b.o ABSOLUTE
    ../clib/microlib/init/entry.s            0x00000000   Number         0  entry10a.o ABSOLUTE
    ../clib/microlib/init/entry.s            0x00000000   Number         0  entry10b.o ABSOLUTE
    ../clib/microlib/init/entry.s            0x00000000   Number         0  entry11a.o ABSOLUTE
    ../clib/microlib/init/entry.s            0x00000000   Number         0  entry11b.o ABSOLUTE
    dc.s                                     0x00000000   Number         0  dc.o ABSOLUTE
    handlers.s                               0x00000000   Number         0  handlers.o ABSOLUTE
    init.s                                   0x00000000   Number         0  init.o ABSOLUTE
    main.c                                   0x00000000   Number         0  main.o ABSOLUTE
    pv_delay.c                               0x00000000   Number         0  pv_delay.o ABSOLUTE
    pv_startup.c                             0x00000000   Number         0  pv_startup.o ABSOLUTE
    py32f0xx_it.c                            0x00000000   Number         0  py32f0xx_it.o ABSOLUTE
    py32f0xx_ll_adc.c                        0x00000000   Number         0  py32f0xx_ll_adc.o ABSOLUTE
    py32f0xx_ll_comp.c                       0x00000000   Number         0  py32f0xx_ll_comp.o ABSOLUTE
    py32f0xx_ll_crc.c                        0x00000000   Number         0  py32f0xx_ll_crc.o ABSOLUTE
    py32f0xx_ll_dma.c                        0x00000000   Number         0  py32f0xx_ll_dma.o ABSOLUTE
    py32f0xx_ll_exti.c                       0x00000000   Number         0  py32f0xx_ll_exti.o ABSOLUTE
    py32f0xx_ll_gpio.c                       0x00000000   Number         0  py32f0xx_ll_gpio.o ABSOLUTE
    py32f0xx_ll_i2c.c                        0x00000000   Number         0  py32f0xx_ll_i2c.o ABSOLUTE
    py32f0xx_ll_led.c                        0x00000000   Number         0  py32f0xx_ll_led.o ABSOLUTE
    py32f0xx_ll_lptim.c                      0x00000000   Number         0  py32f0xx_ll_lptim.o ABSOLUTE
    py32f0xx_ll_pwr.c                        0x00000000   Number         0  py32f0xx_ll_pwr.o ABSOLUTE
    py32f0xx_ll_rcc.c                        0x00000000   Number         0  py32f0xx_ll_rcc.o ABSOLUTE
    py32f0xx_ll_rtc.c                        0x00000000   Number         0  py32f0xx_ll_rtc.o ABSOLUTE
    py32f0xx_ll_spi.c                        0x00000000   Number         0  py32f0xx_ll_spi.o ABSOLUTE
    py32f0xx_ll_tim.c                        0x00000000   Number         0  py32f0xx_ll_tim.o ABSOLUTE
    py32f0xx_ll_usart.c                      0x00000000   Number         0  py32f0xx_ll_usart.o ABSOLUTE
    py32f0xx_ll_utils.c                      0x00000000   Number         0  py32f0xx_ll_utils.o ABSOLUTE
    system_py32f0xx.c                        0x00000000   Number         0  system_py32f0xx.o ABSOLUTE
    RESET                                    0x08000000   Section      192  startup_py32f002ax5.o(RESET)
    .ARM.Collect$$$$00000000                 0x080000c0   Section        0  entry.o(.ARM.Collect$$$$00000000)
    .ARM.Collect$$$$00000001                 0x080000c0   Section        4  entry2.o(.ARM.Collect$$$$00000001)
    .ARM.Collect$$$$00000004                 0x080000c4   Section        4  entry5.o(.ARM.Collect$$$$00000004)
    .ARM.Collect$$$$00000008                 0x080000c8   Section        0  entry7b.o(.ARM.Collect$$$$00000008)
    .ARM.Collect$$$$0000000A                 0x080000c8   Section        0  entry8b.o(.ARM.Collect$$$$0000000A)
    .ARM.Collect$$$$0000000B                 0x080000c8   Section        8  entry9a.o(.ARM.Collect$$$$0000000B)
    __lit__00000000                          0x080000d0   Data           4  entry2.o(.ARM.Collect$$$$00002712)
    .ARM.Collect$$$$0000000D                 0x080000d0   Section        0  entry10a.o(.ARM.Collect$$$$0000000D)
    .ARM.Collect$$$$0000000F                 0x080000d0   Section        0  entry11a.o(.ARM.Collect$$$$0000000F)
    .ARM.Collect$$$$00002712                 0x080000d0   Section        4  entry2.o(.ARM.Collect$$$$00002712)
    .text                                    0x080000d4   Section       28  startup_py32f002ax5.o(.text)
    .text                                    0x080000f0   Section        0  uidiv_div0.o(.text)
    .text                                    0x08000130   Section       36  init.o(.text)
    [Anonymous Symbol]                       0x08000154   Section        0  system_py32f0xx.o(.text.$Sub$$main)
    __arm_cp.2_0                             0x0800019c   Number         4  system_py32f0xx.o(.text.$Sub$$main)
    __arm_cp.2_1                             0x080001a0   Number         4  system_py32f0xx.o(.text.$Sub$$main)
    [Anonymous Symbol]                       0x080001a4   Section        0  py32f0xx_it.o(.text.HardFault_Handler)
    LL_APB1_GRP1_EnableClock                 0x080001a9   Thumb Code    28  pv_startup.o(.text.LL_APB1_GRP1_EnableClock)
    [Anonymous Symbol]                       0x080001a8   Section        0  pv_startup.o(.text.LL_APB1_GRP1_EnableClock)
    __arm_cp.1_0                             0x080001c4   Number         4  pv_startup.o(.text.LL_APB1_GRP1_EnableClock)
    LL_APB1_GRP2_EnableClock                 0x080001c9   Thumb Code    28  pv_startup.o(.text.LL_APB1_GRP2_EnableClock)
    [Anonymous Symbol]                       0x080001c8   Section        0  pv_startup.o(.text.LL_APB1_GRP2_EnableClock)
    __arm_cp.2_0                             0x080001e4   Number         4  pv_startup.o(.text.LL_APB1_GRP2_EnableClock)
    [Anonymous Symbol]                       0x080001e8   Section        0  py32f0xx_ll_gpio.o(.text.LL_GPIO_Init)
    __arm_cp.3_0                             0x08000460   Number         4  py32f0xx_ll_gpio.o(.text.LL_GPIO_Init)
    __arm_cp.3_1                             0x08000464   Number         4  py32f0xx_ll_gpio.o(.text.LL_GPIO_Init)
    __arm_cp.3_2                             0x08000468   Number         4  py32f0xx_ll_gpio.o(.text.LL_GPIO_Init)
    LL_GPIO_SetAFPin_0_7                     0x0800046d   Thumb Code    38  py32f0xx_ll_gpio.o(.text.LL_GPIO_SetAFPin_0_7)
    [Anonymous Symbol]                       0x0800046c   Section        0  py32f0xx_ll_gpio.o(.text.LL_GPIO_SetAFPin_0_7)
    LL_GPIO_SetAFPin_8_15                    0x08000493   Thumb Code    40  py32f0xx_ll_gpio.o(.text.LL_GPIO_SetAFPin_8_15)
    [Anonymous Symbol]                       0x08000492   Section        0  py32f0xx_ll_gpio.o(.text.LL_GPIO_SetAFPin_8_15)
    LL_GPIO_SetPinMode                       0x080004bb   Thumb Code    36  py32f0xx_ll_gpio.o(.text.LL_GPIO_SetPinMode)
    [Anonymous Symbol]                       0x080004ba   Section        0  py32f0xx_ll_gpio.o(.text.LL_GPIO_SetPinMode)
    LL_GPIO_SetPinOutputType                 0x080004df   Thumb Code    30  py32f0xx_ll_gpio.o(.text.LL_GPIO_SetPinOutputType)
    [Anonymous Symbol]                       0x080004de   Section        0  py32f0xx_ll_gpio.o(.text.LL_GPIO_SetPinOutputType)
    LL_GPIO_SetPinPull                       0x080004fd   Thumb Code    36  py32f0xx_ll_gpio.o(.text.LL_GPIO_SetPinPull)
    [Anonymous Symbol]                       0x080004fc   Section        0  py32f0xx_ll_gpio.o(.text.LL_GPIO_SetPinPull)
    LL_GPIO_SetPinSpeed                      0x08000521   Thumb Code    36  py32f0xx_ll_gpio.o(.text.LL_GPIO_SetPinSpeed)
    [Anonymous Symbol]                       0x08000520   Section        0  py32f0xx_ll_gpio.o(.text.LL_GPIO_SetPinSpeed)
    LL_GPIO_TogglePin                        0x08000545   Thumb Code    22  main.o(.text.LL_GPIO_TogglePin)
    [Anonymous Symbol]                       0x08000544   Section        0  main.o(.text.LL_GPIO_TogglePin)
    LL_IOP_GRP1_EnableClock                  0x0800055d   Thumb Code    28  main.o(.text.LL_IOP_GRP1_EnableClock)
    [Anonymous Symbol]                       0x0800055c   Section        0  main.o(.text.LL_IOP_GRP1_EnableClock)
    __arm_cp.1_0                             0x08000578   Number         4  main.o(.text.LL_IOP_GRP1_EnableClock)
    LL_RCC_GetSysClkSource                   0x0800057d   Thumb Code    12  pv_startup.o(.text.LL_RCC_GetSysClkSource)
    [Anonymous Symbol]                       0x0800057c   Section        0  pv_startup.o(.text.LL_RCC_GetSysClkSource)
    LL_RCC_HSI_Enable                        0x08000589   Thumb Code    16  pv_startup.o(.text.LL_RCC_HSI_Enable)
    [Anonymous Symbol]                       0x08000588   Section        0  pv_startup.o(.text.LL_RCC_HSI_Enable)
    LL_RCC_HSI_IsReady                       0x08000599   Thumb Code    16  pv_startup.o(.text.LL_RCC_HSI_IsReady)
    [Anonymous Symbol]                       0x08000598   Section        0  pv_startup.o(.text.LL_RCC_HSI_IsReady)
    __arm_cp.4_0                             0x080005a8   Number         4  pv_startup.o(.text.LL_RCC_HSI_IsReady)
    LL_RCC_HSI_SetCalibFreq                  0x080005ad   Thumb Code    24  pv_startup.o(.text.LL_RCC_HSI_SetCalibFreq)
    [Anonymous Symbol]                       0x080005ac   Section        0  pv_startup.o(.text.LL_RCC_HSI_SetCalibFreq)
    LL_RCC_SetAHBPrescaler                   0x080005c5   Thumb Code    24  pv_startup.o(.text.LL_RCC_SetAHBPrescaler)
    [Anonymous Symbol]                       0x080005c4   Section        0  pv_startup.o(.text.LL_RCC_SetAHBPrescaler)
    LL_RCC_SetAPB1Prescaler                  0x080005dd   Thumb Code    24  pv_startup.o(.text.LL_RCC_SetAPB1Prescaler)
    [Anonymous Symbol]                       0x080005dc   Section        0  pv_startup.o(.text.LL_RCC_SetAPB1Prescaler)
    LL_RCC_SetSysClkSource                   0x080005f5   Thumb Code    24  pv_startup.o(.text.LL_RCC_SetSysClkSource)
    [Anonymous Symbol]                       0x080005f4   Section        0  pv_startup.o(.text.LL_RCC_SetSysClkSource)
    __arm_cp.7_0                             0x0800060c   Number         4  pv_startup.o(.text.LL_RCC_SetSysClkSource)
    [Anonymous Symbol]                       0x08000610   Section        0  py32f0xx_ll_utils.o(.text.LL_SetSystemCoreClock)
    [Anonymous Symbol]                       0x08000620   Section        0  py32f0xx_it.o(.text.NMI_Handler)
    NVIC_SetPriority                         0x08000625   Thumb Code   124  pv_startup.o(.text.NVIC_SetPriority)
    [Anonymous Symbol]                       0x08000624   Section        0  pv_startup.o(.text.NVIC_SetPriority)
    __arm_cp.11_0                            0x080006a0   Number         4  pv_startup.o(.text.NVIC_SetPriority)
    __arm_cp.11_1                            0x080006a4   Number         4  pv_startup.o(.text.NVIC_SetPriority)
    [Anonymous Symbol]                       0x080006a8   Section        0  pv_delay.o(.text.PV_DELAY_IncTick)
    [Anonymous Symbol]                       0x080006b4   Section        0  pv_delay.o(.text.PV_DELAY_Init)
    [Anonymous Symbol]                       0x080006b8   Section        0  pv_delay.o(.text.PV_DELAY_Ms)
    __arm_cp.2_0                             0x080006dc   Number         4  pv_delay.o(.text.PV_DELAY_Ms)
    [Anonymous Symbol]                       0x080006e0   Section        0  pv_startup.o(.text.PV_STARTUP_Init)
    __arm_cp.0_0                             0x08000760   Number         4  pv_startup.o(.text.PV_STARTUP_Init)
    __arm_cp.0_1                             0x08000764   Number         4  pv_startup.o(.text.PV_STARTUP_Init)
    __arm_cp.0_2                             0x08000768   Number         4  pv_startup.o(.text.PV_STARTUP_Init)
    __arm_cp.0_3                             0x0800076c   Number         4  pv_startup.o(.text.PV_STARTUP_Init)
    [Anonymous Symbol]                       0x08000770   Section        0  py32f0xx_it.o(.text.PendSV_Handler)
    [Anonymous Symbol]                       0x08000772   Section        0  py32f0xx_it.o(.text.SVC_Handler)
    SysTick_Config                           0x08000775   Thumb Code    68  pv_startup.o(.text.SysTick_Config)
    [Anonymous Symbol]                       0x08000774   Section        0  pv_startup.o(.text.SysTick_Config)
    __arm_cp.10_0                            0x080007b8   Number         4  pv_startup.o(.text.SysTick_Config)
    __arm_cp.10_1                            0x080007bc   Number         4  pv_startup.o(.text.SysTick_Config)
    __arm_cp.10_2                            0x080007c0   Number         4  pv_startup.o(.text.SysTick_Config)
    [Anonymous Symbol]                       0x080007c4   Section        0  py32f0xx_it.o(.text.SysTick_Handler)
    [Anonymous Symbol]                       0x080007cc   Section        0  system_py32f0xx.o(.text.SystemInit)
    __arm_cp.1_0                             0x080007ec   Number         4  system_py32f0xx.o(.text.SystemInit)
    __arm_cp.1_1                             0x080007f0   Number         4  system_py32f0xx.o(.text.SystemInit)
    __arm_cp.1_2                             0x080007f4   Number         4  system_py32f0xx.o(.text.SystemInit)
    __arm_cp.1_3                             0x080007f8   Number         4  system_py32f0xx.o(.text.SystemInit)
    [Anonymous Symbol]                       0x080007fc   Section        0  main.o(.text.assert_failed)
    [Anonymous Symbol]                       0x08000808   Section        0  main.o(.text.main)
    __arm_cp.0_0                             0x08000850   Number         4  main.o(.text.main)
    i.__scatterload_copy                     0x08000854   Section       14  handlers.o(i.__scatterload_copy)
    i.__scatterload_null                     0x08000862   Section        2  handlers.o(i.__scatterload_null)
    i.__scatterload_zeroinit                 0x08000864   Section       14  handlers.o(i.__scatterload_zeroinit)
    [Anonymous Symbol]                       0x08000872   Section        0  py32f0xx_ll_gpio.o(.rodata.str1.1)
    STACK                                    0x200000d0   Section     1024  startup_py32f002ax5.o(STACK)

    Global Symbols

    Symbol Name                              Value     Ov Type        Size  Object(Section)

    BuildAttributes$$THM_ISAv3M$S$PE$A:L22$X:L11$S22$IEEE1$IW$~IW$USESV6$~STKCKD$USESV7$~SHL$OSPACE$EBA8$MICROLIB$REQ8$PRES8$EABIv2 0x00000000   Number         0  anon$$obj.o ABSOLUTE
    __cpp_initialize__aeabi_                  - Undefined Weak Reference
    __cxa_finalize                            - Undefined Weak Reference
    __decompress                              - Undefined Weak Reference
    _clock_init                               - Undefined Weak Reference
    _microlib_exit                            - Undefined Weak Reference
    __Vectors_Size                           0x000000c0   Number         0  startup_py32f002ax5.o ABSOLUTE
    __Vectors                                0x08000000   Data           4  startup_py32f002ax5.o(RESET)
    __Vectors_End                            0x080000c0   Data           0  startup_py32f002ax5.o(RESET)
    __main                                   0x080000c1   Thumb Code     0  entry.o(.ARM.Collect$$$$00000000)
    _main_stk                                0x080000c1   Thumb Code     0  entry2.o(.ARM.Collect$$$$00000001)
    _main_scatterload                        0x080000c5   Thumb Code     0  entry5.o(.ARM.Collect$$$$00000004)
    __main_after_scatterload                 0x080000c9   Thumb Code     0  entry5.o(.ARM.Collect$$$$00000004)
    _main_clock                              0x080000c9   Thumb Code     0  entry7b.o(.ARM.Collect$$$$00000008)
    _main_cpp_init                           0x080000c9   Thumb Code     0  entry8b.o(.ARM.Collect$$$$0000000A)
    _main_init                               0x080000c9   Thumb Code     0  entry9a.o(.ARM.Collect$$$$0000000B)
    __rt_final_cpp                           0x080000d1   Thumb Code     0  entry10a.o(.ARM.Collect$$$$0000000D)
    __rt_final_exit                          0x080000d1   Thumb Code     0  entry11a.o(.ARM.Collect$$$$0000000F)
    Reset_Handler                            0x080000d5   Thumb Code     8  startup_py32f002ax5.o(.text)
    ADC_COMP_IRQHandler                      0x080000e7   Thumb Code     0  startup_py32f002ax5.o(.text)
    EXTI0_1_IRQHandler                       0x080000e7   Thumb Code     0  startup_py32f002ax5.o(.text)
    EXTI2_3_IRQHandler                       0x080000e7   Thumb Code     0  startup_py32f002ax5.o(.text)
    EXTI4_15_IRQHandler                      0x080000e7   Thumb Code     0  startup_py32f002ax5.o(.text)
    FLASH_IRQHandler                         0x080000e7   Thumb Code     0  startup_py32f002ax5.o(.text)
    I2C1_IRQHandler                          0x080000e7   Thumb Code     0  startup_py32f002ax5.o(.text)
    LPTIM1_IRQHandler                        0x080000e7   Thumb Code     0  startup_py32f002ax5.o(.text)
    RCC_IRQHandler                           0x080000e7   Thumb Code     0  startup_py32f002ax5.o(.text)
    SPI1_IRQHandler                          0x080000e7   Thumb Code     0  startup_py32f002ax5.o(.text)
    TIM16_IRQHandler                         0x080000e7   Thumb Code     0  startup_py32f002ax5.o(.text)
    TIM1_BRK_UP_TRG_COM_IRQHandler           0x080000e7   Thumb Code     0  startup_py32f002ax5.o(.text)
    TIM1_CC_IRQHandler                       0x080000e7   Thumb Code     0  startup_py32f002ax5.o(.text)
    USART1_IRQHandler                        0x080000e7   Thumb Code     0  startup_py32f002ax5.o(.text)
    __aeabi_uidiv                            0x080000f1   Thumb Code     0  uidiv_div0.o(.text)
    __aeabi_uidivmod                         0x080000f1   Thumb Code    62  uidiv_div0.o(.text)
    __scatterload                            0x08000131   Thumb Code    28  init.o(.text)
    __scatterload_rt2                        0x08000131   Thumb Code     0  init.o(.text)
    main                                     0x08000155   Thumb Code    72  system_py32f0xx.o(.text.$Sub$$main)
    HardFault_Handler                        0x080001a5   Thumb Code     4  py32f0xx_it.o(.text.HardFault_Handler)
    LL_GPIO_Init                             0x080001e9   Thumb Code   632  py32f0xx_ll_gpio.o(.text.LL_GPIO_Init)
    LL_SetSystemCoreClock                    0x08000611   Thumb Code    16  py32f0xx_ll_utils.o(.text.LL_SetSystemCoreClock)
    NMI_Handler                              0x08000621   Thumb Code     2  py32f0xx_it.o(.text.NMI_Handler)
    PV_DELAY_IncTick                         0x080006a9   Thumb Code    12  pv_delay.o(.text.PV_DELAY_IncTick)
    PV_DELAY_Init                            0x080006b5   Thumb Code     2  pv_delay.o(.text.PV_DELAY_Init)
    PV_DELAY_Ms                              0x080006b9   Thumb Code    36  pv_delay.o(.text.PV_DELAY_Ms)
    PV_STARTUP_Init                          0x080006e1   Thumb Code   128  pv_startup.o(.text.PV_STARTUP_Init)
    PendSV_Handler                           0x08000771   Thumb Code     2  py32f0xx_it.o(.text.PendSV_Handler)
    SVC_Handler                              0x08000773   Thumb Code     2  py32f0xx_it.o(.text.SVC_Handler)
    SysTick_Handler                          0x080007c5   Thumb Code     8  py32f0xx_it.o(.text.SysTick_Handler)
    SystemInit                               0x080007cd   Thumb Code    32  system_py32f0xx.o(.text.SystemInit)
    assert_failed                            0x080007fd   Thumb Code    10  main.o(.text.assert_failed)
    $Super$$main                             0x08000809   Thumb Code    72  main.o(.text.main)
    __scatterload_copy                       0x08000855   Thumb Code    14  handlers.o(i.__scatterload_copy)
    __scatterload_null                       0x08000863   Thumb Code     2  handlers.o(i.__scatterload_null)
    __scatterload_zeroinit                   0x08000865   Thumb Code    14  handlers.o(i.__scatterload_zeroinit)
    Region$$Table$$Base                      0x080008a8   Number         0  anon$$obj.o(Region$$Table)
    Region$$Table$$Limit                     0x080008c8   Number         0  anon$$obj.o(Region$$Table)
    VECT_SRAM_TAB                            0x20000000   Data         192  system_py32f0xx.o(.ARM.__at_0x20000000)
    SystemCoreClock                          0x200000c0   Data           4  system_py32f0xx.o(.data.SystemCoreClock)
    __PV_DELAY_DataStruct                    0x200000c8   Data           4  pv_delay.o(.bss.__PV_DELAY_DataStruct)
    __initial_sp                             0x200004d0   Data           0  startup_py32f002ax5.o(STACK)



==============================================================================

Memory Map of the image

  Image Entry point : 0x080000c1

  Load Region LR_IROM1 (Base: 0x08000000, Size: 0x00000990, Max: 0x00005000, ABSOLUTE)

    Execution Region ER_IROM1 (Exec base: 0x08000000, Load base: 0x08000000, Size: 0x000008c8, Max: 0x00005000, ABSOLUTE)

    Exec Addr    Load Addr    Size         Type   Attr      Idx    E Section Name        Object

    0x08000000   0x08000000   0x000000c0   Data   RO            3    RESET               startup_py32f002ax5.o
    0x080000c0   0x080000c0   0x00000000   Code   RO          501  * .ARM.Collect$$$$00000000  mc_p.l(entry.o)
    0x080000c0   0x080000c0   0x00000004   Code   RO          508    .ARM.Collect$$$$00000001  mc_p.l(entry2.o)
    0x080000c4   0x080000c4   0x00000004   Code   RO          511    .ARM.Collect$$$$00000004  mc_p.l(entry5.o)
    0x080000c8   0x080000c8   0x00000000   Code   RO          513    .ARM.Collect$$$$00000008  mc_p.l(entry7b.o)
    0x080000c8   0x080000c8   0x00000000   Code   RO          515    .ARM.Collect$$$$0000000A  mc_p.l(entry8b.o)
    0x080000c8   0x080000c8   0x00000008   Code   RO          516    .ARM.Collect$$$$0000000B  mc_p.l(entry9a.o)
    0x080000d0   0x080000d0   0x00000000   Code   RO          518    .ARM.Collect$$$$0000000D  mc_p.l(entry10a.o)
    0x080000d0   0x080000d0   0x00000000   Code   RO          520    .ARM.Collect$$$$0000000F  mc_p.l(entry11a.o)
    0x080000d0   0x080000d0   0x00000004   Code   RO          509    .ARM.Collect$$$$00002712  mc_p.l(entry2.o)
    0x080000d4   0x080000d4   0x0000001c   Code   RO            4    .text               startup_py32f002ax5.o
    0x080000f0   0x080000f0   0x0000003e   Code   RO          524    .text               mc_p.l(uidiv_div0.o)
    0x0800012e   0x0800012e   0x00000002   PAD
    0x08000130   0x08000130   0x00000024   Code   RO          530    .text               mc_p.l(init.o)
    0x08000154   0x08000154   0x00000050   Code   RO           15    .text.$Sub$$main    system_py32f0xx.o
    0x080001a4   0x080001a4   0x00000004   Code   RO           49    .text.HardFault_Handler  py32f0xx_it.o
    0x080001a8   0x080001a8   0x00000020   Code   RO          457    .text.LL_APB1_GRP1_EnableClock  pv_startup.o
    0x080001c8   0x080001c8   0x00000020   Code   RO          459    .text.LL_APB1_GRP2_EnableClock  pv_startup.o
    0x080001e8   0x080001e8   0x00000284   Code   RO          167    .text.LL_GPIO_Init  py32f0xx_ll_gpio.o
    0x0800046c   0x0800046c   0x00000026   Code   RO          175    .text.LL_GPIO_SetAFPin_0_7  py32f0xx_ll_gpio.o
    0x08000492   0x08000492   0x00000028   Code   RO          177    .text.LL_GPIO_SetAFPin_8_15  py32f0xx_ll_gpio.o
    0x080004ba   0x080004ba   0x00000024   Code   RO          169    .text.LL_GPIO_SetPinMode  py32f0xx_ll_gpio.o
    0x080004de   0x080004de   0x0000001e   Code   RO          179    .text.LL_GPIO_SetPinOutputType  py32f0xx_ll_gpio.o
    0x080004fc   0x080004fc   0x00000024   Code   RO          173    .text.LL_GPIO_SetPinPull  py32f0xx_ll_gpio.o
    0x08000520   0x08000520   0x00000024   Code   RO          171    .text.LL_GPIO_SetPinSpeed  py32f0xx_ll_gpio.o
    0x08000544   0x08000544   0x00000016   Code   RO           33    .text.LL_GPIO_TogglePin  main.o
    0x0800055a   0x0800055a   0x00000002   PAD
    0x0800055c   0x0800055c   0x00000020   Code   RO           31    .text.LL_IOP_GRP1_EnableClock  main.o
    0x0800057c   0x0800057c   0x0000000c   Code   RO          471    .text.LL_RCC_GetSysClkSource  pv_startup.o
    0x08000588   0x08000588   0x00000010   Code   RO          461    .text.LL_RCC_HSI_Enable  pv_startup.o
    0x08000598   0x08000598   0x00000014   Code   RO          463    .text.LL_RCC_HSI_IsReady  pv_startup.o
    0x080005ac   0x080005ac   0x00000018   Code   RO          465    .text.LL_RCC_HSI_SetCalibFreq  pv_startup.o
    0x080005c4   0x080005c4   0x00000018   Code   RO          467    .text.LL_RCC_SetAHBPrescaler  pv_startup.o
    0x080005dc   0x080005dc   0x00000018   Code   RO          473    .text.LL_RCC_SetAPB1Prescaler  pv_startup.o
    0x080005f4   0x080005f4   0x0000001c   Code   RO          469    .text.LL_RCC_SetSysClkSource  pv_startup.o
    0x08000610   0x08000610   0x00000010   Code   RO          440    .text.LL_SetSystemCoreClock  py32f0xx_ll_utils.o
    0x08000620   0x08000620   0x00000002   Code   RO           47    .text.NMI_Handler   py32f0xx_it.o
    0x08000622   0x08000622   0x00000002   PAD
    0x08000624   0x08000624   0x00000084   Code   RO          477    .text.NVIC_SetPriority  pv_startup.o
    0x080006a8   0x080006a8   0x0000000c   Code   RO          492    .text.PV_DELAY_IncTick  pv_delay.o
    0x080006b4   0x080006b4   0x00000002   Code   RO          486    .text.PV_DELAY_Init  pv_delay.o
    0x080006b6   0x080006b6   0x00000002   PAD
    0x080006b8   0x080006b8   0x00000028   Code   RO          490    .text.PV_DELAY_Ms   pv_delay.o
    0x080006e0   0x080006e0   0x00000090   Code   RO          455    .text.PV_STARTUP_Init  pv_startup.o
    0x08000770   0x08000770   0x00000002   Code   RO           53    .text.PendSV_Handler  py32f0xx_it.o
    0x08000772   0x08000772   0x00000002   Code   RO           51    .text.SVC_Handler   py32f0xx_it.o
    0x08000774   0x08000774   0x00000050   Code   RO          475    .text.SysTick_Config  pv_startup.o
    0x080007c4   0x080007c4   0x00000008   Code   RO           55    .text.SysTick_Handler  py32f0xx_it.o
    0x080007cc   0x080007cc   0x00000030   Code   RO           13    .text.SystemInit    system_py32f0xx.o
    0x080007fc   0x080007fc   0x0000000a   Code   RO           37    .text.assert_failed  main.o
    0x08000806   0x08000806   0x00000002   PAD
    0x08000808   0x08000808   0x0000004c   Code   RO           29    .text.main          main.o
    0x08000854   0x08000854   0x0000000e   Code   RO          534    i.__scatterload_copy  mc_p.l(handlers.o)
    0x08000862   0x08000862   0x00000002   Code   RO          535    i.__scatterload_null  mc_p.l(handlers.o)
    0x08000864   0x08000864   0x0000000e   Code   RO          536    i.__scatterload_zeroinit  mc_p.l(handlers.o)
    0x08000872   0x08000872   0x00000036   Data   RO          183    .rodata.str1.1      py32f0xx_ll_gpio.o
    0x080008a8   0x080008a8   0x00000020   Data   RO          533    Region$$Table       anon$$obj.o


    Execution Region RW_IRAM1 (Exec base: 0x20000000, Load base: 0x080008c8, Size: 0x000004d0, Max: 0x00000c00, ABSOLUTE)

    Exec Addr    Load Addr    Size         Type   Attr      Idx    E Section Name        Object

    0x20000000   0x080008c8   0x000000c0   Data   RW           21    .ARM.__at_0x20000000  system_py32f0xx.o
    0x200000c0   0x08000988   0x00000004   Data   RW           17    .data.SystemCoreClock  system_py32f0xx.o
    0x200000c4   0x0800098c   0x00000004   PAD
    0x200000c8        -       0x00000004   Zero   RW          494    .bss.__PV_DELAY_DataStruct  pv_delay.o
    0x200000cc   0x0800098c   0x00000004   PAD
    0x200000d0        -       0x00000400   Zero   RW            1    STACK               startup_py32f002ax5.o


==============================================================================

Image component sizes


      Code (inc. data)   RO Data    RW Data    ZI Data      Debug   Object Name

       140          8          0          0          0       2394   main.o
        54          4          0          0          4       1091   pv_delay.o
       568         52          0          0          0       4035   pv_startup.o
        18          0          0          0          0        726   py32f0xx_it.o
       860         12         54          0          0       3857   py32f0xx_ll_gpio.o
        16          0          0          0          0       2933   py32f0xx_ll_utils.o
        28          8        192          0       1024        748   startup_py32f002ax5.o
       128         24          0        196          0       2348   system_py32f0xx.o

    ----------------------------------------------------------------------
      1820        108        278        196       1036      18132   Object Totals
         0          0         32          0          0          0   (incl. Generated)
         8          0          0          0          8          0   (incl. Padding)

    ----------------------------------------------------------------------

      Code (inc. data)   RO Data    RW Data    ZI Data      Debug   Library Member Name

         0          0          0          0          0          0   entry.o
         0          0          0          0          0          0   entry10a.o
         0          0          0          0          0          0   entry11a.o
         8          4          0          0          0          0   entry2.o
         4          0          0          0          0          0   entry5.o
         0          0          0          0          0          0   entry7b.o
         0          0          0          0          0          0   entry8b.o
         8          4          0          0          0          0   entry9a.o
        30          0          0          0          0          0   handlers.o
        36          8          0          0          0         68   init.o
        62          0          0          0          0         72   uidiv_div0.o

    ----------------------------------------------------------------------
       150         16          0          0          0        140   Library Totals
         2          0          0          0          0          0   (incl. Padding)

    ----------------------------------------------------------------------

      Code (inc. data)   RO Data    RW Data    ZI Data      Debug   Library Name

       148         16          0          0          0        140   mc_p.l

    ----------------------------------------------------------------------
       150         16          0          0          0        140   Library Totals

    ----------------------------------------------------------------------

==============================================================================


      Code (inc. data)   RO Data    RW Data    ZI Data      Debug   

      1970        124        278        196       1036      18304   Grand Totals
      1970        124        278        196       1036      18304   ELF Image Totals
      1970        124        278        196          0          0   ROM Totals

==============================================================================

    Total RO  Size (Code + RO Data)                 2248 (   2.20kB)
    Total RW  Size (RW Data + ZI Data)              1232 (   1.20kB)
    Total ROM Size (Code + RO Data + RW Data)       2444 (   2.39kB)

==============================================================================

